Archive member included to satisfy reference by file (symbol)

c:/ac6/systemworkbench/plugins/fr.ac6.mcu.externaltools.arm-none.win32_1.16.0.201807130628/tools/compiler/bin/../lib/gcc/arm-none-eabi/7.2.1/thumb/v7e-m/fpv4-sp/hard\libgcc.a(_aeabi_uldivmod.o)
                              Drivers/STM32F4xx_HAL_Driver/Src/stm32f4xx_hal_rcc.o (__aeabi_uldivmod)
c:/ac6/systemworkbench/plugins/fr.ac6.mcu.externaltools.arm-none.win32_1.16.0.201807130628/tools/compiler/bin/../lib/gcc/arm-none-eabi/7.2.1/thumb/v7e-m/fpv4-sp/hard\libgcc.a(_udivmoddi4.o)
                              c:/ac6/systemworkbench/plugins/fr.ac6.mcu.externaltools.arm-none.win32_1.16.0.201807130628/tools/compiler/bin/../lib/gcc/arm-none-eabi/7.2.1/thumb/v7e-m/fpv4-sp/hard\libgcc.a(_aeabi_uldivmod.o) (__udivmoddi4)
c:/ac6/systemworkbench/plugins/fr.ac6.mcu.externaltools.arm-none.win32_1.16.0.201807130628/tools/compiler/bin/../lib/gcc/arm-none-eabi/7.2.1/thumb/v7e-m/fpv4-sp/hard\libgcc.a(_dvmd_tls.o)
                              c:/ac6/systemworkbench/plugins/fr.ac6.mcu.externaltools.arm-none.win32_1.16.0.201807130628/tools/compiler/bin/../lib/gcc/arm-none-eabi/7.2.1/thumb/v7e-m/fpv4-sp/hard\libgcc.a(_aeabi_uldivmod.o) (__aeabi_ldiv0)
c:/ac6/systemworkbench/plugins/fr.ac6.mcu.externaltools.arm-none.win32_1.16.0.201807130628/tools/compiler/bin/../lib/gcc/arm-none-eabi/7.2.1/../../../../arm-none-eabi/lib/thumb/v7e-m/fpv4-sp/hard\libc_nano.a(lib_a-exit.o)
                              c:/ac6/systemworkbench/plugins/fr.ac6.mcu.externaltools.arm-none.win32_1.16.0.201807130628/tools/compiler/bin/../lib/gcc/arm-none-eabi/7.2.1/../../../../arm-none-eabi/lib/thumb/v7e-m/fpv4-sp/hard/crt0.o (exit)
c:/ac6/systemworkbench/plugins/fr.ac6.mcu.externaltools.arm-none.win32_1.16.0.201807130628/tools/compiler/bin/../lib/gcc/arm-none-eabi/7.2.1/../../../../arm-none-eabi/lib/thumb/v7e-m/fpv4-sp/hard\libc_nano.a(lib_a-impure.o)
                              c:/ac6/systemworkbench/plugins/fr.ac6.mcu.externaltools.arm-none.win32_1.16.0.201807130628/tools/compiler/bin/../lib/gcc/arm-none-eabi/7.2.1/../../../../arm-none-eabi/lib/thumb/v7e-m/fpv4-sp/hard\libc_nano.a(lib_a-exit.o) (_global_impure_ptr)
c:/ac6/systemworkbench/plugins/fr.ac6.mcu.externaltools.arm-none.win32_1.16.0.201807130628/tools/compiler/bin/../lib/gcc/arm-none-eabi/7.2.1/../../../../arm-none-eabi/lib/thumb/v7e-m/fpv4-sp/hard\libc_nano.a(lib_a-init.o)
                              c:/ac6/systemworkbench/plugins/fr.ac6.mcu.externaltools.arm-none.win32_1.16.0.201807130628/tools/compiler/bin/../lib/gcc/arm-none-eabi/7.2.1/../../../../arm-none-eabi/lib/thumb/v7e-m/fpv4-sp/hard/crt0.o (__libc_init_array)
c:/ac6/systemworkbench/plugins/fr.ac6.mcu.externaltools.arm-none.win32_1.16.0.201807130628/tools/compiler/bin/../lib/gcc/arm-none-eabi/7.2.1/../../../../arm-none-eabi/lib/thumb/v7e-m/fpv4-sp/hard\libc_nano.a(lib_a-memcpy-stub.o)
                              Src/DataBuffers/ring_buffer.o (memcpy)
c:/ac6/systemworkbench/plugins/fr.ac6.mcu.externaltools.arm-none.win32_1.16.0.201807130628/tools/compiler/bin/../lib/gcc/arm-none-eabi/7.2.1/../../../../arm-none-eabi/lib/thumb/v7e-m/fpv4-sp/hard\libc_nano.a(lib_a-memset.o)
                              c:/ac6/systemworkbench/plugins/fr.ac6.mcu.externaltools.arm-none.win32_1.16.0.201807130628/tools/compiler/bin/../lib/gcc/arm-none-eabi/7.2.1/../../../../arm-none-eabi/lib/thumb/v7e-m/fpv4-sp/hard/crt0.o (memset)
c:/ac6/systemworkbench/plugins/fr.ac6.mcu.externaltools.arm-none.win32_1.16.0.201807130628/tools/compiler/bin/../lib/gcc/arm-none-eabi/7.2.1/../../../../arm-none-eabi/lib/thumb/v7e-m/fpv4-sp/hard\libnosys.a(_exit.o)
                              c:/ac6/systemworkbench/plugins/fr.ac6.mcu.externaltools.arm-none.win32_1.16.0.201807130628/tools/compiler/bin/../lib/gcc/arm-none-eabi/7.2.1/../../../../arm-none-eabi/lib/thumb/v7e-m/fpv4-sp/hard\libc_nano.a(lib_a-exit.o) (_exit)

Allocating common symbols
Common symbol       size              file

spi2                0x58              Src/Gen2_init.o
uart1               0x40              Src/DataBuffers/uart_isr.o
uwTick              0x4               Drivers/STM32F4xx_HAL_Driver/Src/stm32f4xx_hal.o
pFlash              0x20              Drivers/STM32F4xx_HAL_Driver/Src/stm32f4xx_hal_flash.o
dac                 0x14              Src/Gen3_init.o
spi1                0x58              Src/main2.o

Discarded input sections

 .text          0x00000000        0x0 c:/ac6/systemworkbench/plugins/fr.ac6.mcu.externaltools.arm-none.win32_1.16.0.201807130628/tools/compiler/bin/../lib/gcc/arm-none-eabi/7.2.1/thumb/v7e-m/fpv4-sp/hard/crti.o
 .data          0x00000000        0x0 c:/ac6/systemworkbench/plugins/fr.ac6.mcu.externaltools.arm-none.win32_1.16.0.201807130628/tools/compiler/bin/../lib/gcc/arm-none-eabi/7.2.1/thumb/v7e-m/fpv4-sp/hard/crti.o
[...]
Memory Configuration

Name             Origin             Length             Attributes
RAM              0x20000000         0x00008000         xrw
FLASH            0x08000000         0x00020000         xr
*default*        0x00000000         0xffffffff

Linker script and memory map

LOAD c:/ac6/systemworkbench/plugins/fr.ac6.mcu.externaltools.arm-none.win32_1.16.0.201807130628/tools/compiler/bin/../lib/gcc/arm-none-eabi/7.2.1/thumb/v7e-m/fpv4-sp/hard/crti.o
LOAD c:/ac6/systemworkbench/plugins/fr.ac6.mcu.externaltools.arm-none.win32_1.16.0.201807130628/tools/compiler/bin/../lib/gcc/arm-none-eabi/7.2.1/thumb/v7e-m/fpv4-sp/hard/crtbegin.o
LOAD c:/ac6/systemworkbench/plugins/fr.ac6.mcu.externaltools.arm-none.win32_1.16.0.201807130628/tools/compiler/bin/../lib/gcc/arm-none-eabi/7.2.1/../../../../arm-none-eabi/lib/thumb/v7e-m/fpv4-sp/hard/crt0.o
LOAD Drivers/STM32F4xx_HAL_Driver/Src/stm32f4xx_hal.o
LOAD Drivers/STM32F4xx_HAL_Driver/Src/stm32f4xx_hal_cortex.o
LOAD Drivers/STM32F4xx_HAL_Driver/Src/stm32f4xx_hal_dac.o
LOAD Drivers/STM32F4xx_HAL_Driver/Src/stm32f4xx_hal_dac_ex.o
LOAD Drivers/STM32F4xx_HAL_Driver/Src/stm32f4xx_hal_dma.o
LOAD Drivers/STM32F4xx_HAL_Driver/Src/stm32f4xx_hal_dma_ex.o
LOAD Drivers/STM32F4xx_HAL_Driver/Src/stm32f4xx_hal_flash.o
LOAD Drivers/STM32F4xx_HAL_Driver/Src/stm32f4xx_hal_flash_ex.o
LOAD Drivers/STM32F4xx_HAL_Driver/Src/stm32f4xx_hal_flash_ramfunc.o
LOAD Drivers/STM32F4xx_HAL_Driver/Src/stm32f4xx_hal_gpio.o
LOAD Drivers/STM32F4xx_HAL_Driver/Src/stm32f4xx_hal_pwr.o
LOAD Drivers/STM32F4xx_HAL_Driver/Src/stm32f4xx_hal_pwr_ex.o
LOAD Drivers/STM32F4xx_HAL_Driver/Src/stm32f4xx_hal_rcc.o
LOAD Drivers/STM32F4xx_HAL_Driver/Src/stm32f4xx_hal_rcc_ex.o
LOAD Drivers/STM32F4xx_HAL_Driver/Src/stm32f4xx_hal_spi.o
LOAD Drivers/STM32F4xx_HAL_Driver/Src/stm32f4xx_hal_tim.o
LOAD Drivers/STM32F4xx_HAL_Driver/Src/stm32f4xx_hal_tim_ex.o
LOAD Drivers/STM32F4xx_HAL_Driver/Src/stm32f4xx_hal_uart.o
LOAD Src/DataBuffers/ring_buffer.o
LOAD Src/DataBuffers/uart_buffer.o
LOAD Src/DataBuffers/uart_isr.o
LOAD Src/Gen2_init.o
LOAD Src/Gen3_init.o
LOAD Src/header.o
LOAD Src/init.o
LOAD Src/main2.o
LOAD Src/path.o
LOAD Src/process_packet.o
LOAD Src/stm32f4xx_hal_msp.o
LOAD Src/stm32f4xx_it.o
LOAD Src/system_stm32f4xx.o
LOAD Src/Gen5/Gen5_comms.o
LOAD Src/Gen5/Gen5_init.o
LOAD Src/Gen5/spi2_isr.o
LOAD startup/startup_stm32f410rx.o
LOAD c:/ac6/systemworkbench/plugins/fr.ac6.mcu.externaltools.arm-none.win32_1.16.0.201807130628/tools/compiler/bin/../lib/gcc/arm-none-eabi/7.2.1/../../../../arm-none-eabi/lib/thumb/v7e-m/fpv4-sp/hard\libm.a
START GROUP
LOAD c:/ac6/systemworkbench/plugins/fr.ac6.mcu.externaltools.arm-none.win32_1.16.0.201807130628/tools/compiler/bin/../lib/gcc/arm-none-eabi/7.2.1/thumb/v7e-m/fpv4-sp/hard\libgcc.a
LOAD c:/ac6/systemworkbench/plugins/fr.ac6.mcu.externaltools.arm-none.win32_1.16.0.201807130628/tools/compiler/bin/../lib/gcc/arm-none-eabi/7.2.1/../../../../arm-none-eabi/lib/thumb/v7e-m/fpv4-sp/hard\libc_nano.a
END GROUP
START GROUP
LOAD c:/ac6/systemworkbench/plugins/fr.ac6.mcu.externaltools.arm-none.win32_1.16.0.201807130628/tools/compiler/bin/../lib/gcc/arm-none-eabi/7.2.1/thumb/v7e-m/fpv4-sp/hard\libgcc.a
LOAD c:/ac6/systemworkbench/plugins/fr.ac6.mcu.externaltools.arm-none.win32_1.16.0.201807130628/tools/compiler/bin/../lib/gcc/arm-none-eabi/7.2.1/../../../../arm-none-eabi/lib/thumb/v7e-m/fpv4-sp/hard\libc_nano.a
LOAD c:/ac6/systemworkbench/plugins/fr.ac6.mcu.externaltools.arm-none.win32_1.16.0.201807130628/tools/compiler/bin/../lib/gcc/arm-none-eabi/7.2.1/../../../../arm-none-eabi/lib/thumb/v7e-m/fpv4-sp/hard\libnosys.a
END GROUP
START GROUP
LOAD c:/ac6/systemworkbench/plugins/fr.ac6.mcu.externaltools.arm-none.win32_1.16.0.201807130628/tools/compiler/bin/../lib/gcc/arm-none-eabi/7.2.1/thumb/v7e-m/fpv4-sp/hard\libgcc.a
LOAD c:/ac6/systemworkbench/plugins/fr.ac6.mcu.externaltools.arm-none.win32_1.16.0.201807130628/tools/compiler/bin/../lib/gcc/arm-none-eabi/7.2.1/../../../../arm-none-eabi/lib/thumb/v7e-m/fpv4-sp/hard\libc_nano.a
LOAD c:/ac6/systemworkbench/plugins/fr.ac6.mcu.externaltools.arm-none.win32_1.16.0.201807130628/tools/compiler/bin/../lib/gcc/arm-none-eabi/7.2.1/../../../../arm-none-eabi/lib/thumb/v7e-m/fpv4-sp/hard\libnosys.a
END GROUP
LOAD c:/ac6/systemworkbench/plugins/fr.ac6.mcu.externaltools.arm-none.win32_1.16.0.201807130628/tools/compiler/bin/../lib/gcc/arm-none-eabi/7.2.1/thumb/v7e-m/fpv4-sp/hard/crtend.o
LOAD c:/ac6/systemworkbench/plugins/fr.ac6.mcu.externaltools.arm-none.win32_1.16.0.201807130628/tools/compiler/bin/../lib/gcc/arm-none-eabi/7.2.1/thumb/v7e-m/fpv4-sp/hard/crtn.o
                0x20008000                _estack = 0x20008000
                0x00000200                _Min_Heap_Size = 0x200
                0x00000400                _Min_Stack_Size = 0x400

.isr_vector     0x08000000      0x1c8
                0x08000000                . = ALIGN (0x4)
 *(.isr_vector)
 .isr_vector    0x08000000      0x1c8 startup/startup_stm32f410rx.o
                0x08000000                g_pfnVectors
                0x080001c8                . = ALIGN (0x4)

.text           0x080001c8     0x2170
                0x080001c8                . = ALIGN (0x4)
 *(.text)
 .text          0x080001c8       0x40 c:/ac6/systemworkbench/plugins/fr.ac6.mcu.externaltools.arm-none.win32_1.16.0.201807130628/tools/compiler/bin/../lib/gcc/arm-none-eabi/7.2.1/thumb/v7e-m/fpv4-sp/hard/crtbegin.o
 .text          0x08000208       0x30 c:/ac6/systemworkbench/plugins/fr.ac6.mcu.externaltools.arm-none.win32_1.16.0.201807130628/tools/compiler/bin/../lib/gcc/arm-none-eabi/7.2.1/thumb/v7e-m/fpv4-sp/hard\libgcc.a(_aeabi_uldivmod.o)
                0x08000208                __aeabi_uldivmod
 .text          0x08000238      0x2cc c:/ac6/systemworkbench/plugins/fr.ac6.mcu.externaltools.arm-none.win32_1.16.0.201807130628/tools/compiler/bin/../lib/gcc/arm-none-eabi/7.2.1/thumb/v7e-m/fpv4-sp/hard\libgcc.a(_udivmoddi4.o)
                0x08000238                __udivmoddi4
 .text          0x08000504        0x4 c:/ac6/systemworkbench/plugins/fr.ac6.mcu.externaltools.arm-none.win32_1.16.0.201807130628/tools/compiler/bin/../lib/gcc/arm-none-eabi/7.2.1/thumb/v7e-m/fpv4-sp/hard\libgcc.a(_dvmd_tls.o)
                0x08000504                __aeabi_idiv0
                0x08000504                __aeabi_ldiv0
 *(.text*)
 .text.HAL_InitTick
                0x08000508       0x48 Drivers/STM32F4xx_HAL_Driver/Src/stm32f4xx_hal.o
                0x08000508                HAL_InitTick
 .text.HAL_Init
                0x08000550       0x34 Drivers/STM32F4xx_HAL_Driver/Src/stm32f4xx_hal.o
                0x08000550                HAL_Init
 .text.HAL_IncTick
                0x08000584       0x18 Drivers/STM32F4xx_HAL_Driver/Src/stm32f4xx_hal.o
                0x08000584                HAL_IncTick
 .text.HAL_GetTick
                0x0800059c        0xc Drivers/STM32F4xx_HAL_Driver/Src/stm32f4xx_hal.o
                0x0800059c                HAL_GetTick
 .text.HAL_NVIC_SetPriorityGrouping
                0x080005a8       0x24 Drivers/STM32F4xx_HAL_Driver/Src/stm32f4xx_hal_cortex.o
                0x080005a8                HAL_NVIC_SetPriorityGrouping
 .text.HAL_NVIC_SetPriority
                0x080005cc       0x68 Drivers/STM32F4xx_HAL_Driver/Src/stm32f4xx_hal_cortex.o
                0x080005cc                HAL_NVIC_SetPriority
 .text.HAL_NVIC_EnableIRQ
                0x08000634       0x18 Drivers/STM32F4xx_HAL_Driver/Src/stm32f4xx_hal_cortex.o
                0x08000634                HAL_NVIC_EnableIRQ
 .text.HAL_SYSTICK_Config
                0x0800064c       0x2c Drivers/STM32F4xx_HAL_Driver/Src/stm32f4xx_hal_cortex.o
                0x0800064c                HAL_SYSTICK_Config
 .text.HAL_SYSTICK_CLKSourceConfig
                0x08000678       0x20 Drivers/STM32F4xx_HAL_Driver/Src/stm32f4xx_hal_cortex.o
                0x08000678                HAL_SYSTICK_CLKSourceConfig
 .text.HAL_SYSTICK_Callback
                0x08000698        0x2 Drivers/STM32F4xx_HAL_Driver/Src/stm32f4xx_hal_cortex.o
                0x08000698                HAL_SYSTICK_Callback
 .text.HAL_SYSTICK_IRQHandler
                0x0800069a        0x8 Drivers/STM32F4xx_HAL_Driver/Src/stm32f4xx_hal_cortex.o
                0x0800069a                HAL_SYSTICK_IRQHandler
 .text.HAL_DMA_Abort_IT
                0x080006a2       0x26 Drivers/STM32F4xx_HAL_Driver/Src/stm32f4xx_hal_dma.o
                0x080006a2                HAL_DMA_Abort_IT
 .text.HAL_GPIO_Init
                0x080006c8      0x190 Drivers/STM32F4xx_HAL_Driver/Src/stm32f4xx_hal_gpio.o
                0x080006c8                HAL_GPIO_Init
 .text.HAL_GPIO_WritePin
                0x08000858        0xc Drivers/STM32F4xx_HAL_Driver/Src/stm32f4xx_hal_gpio.o
                0x08000858                HAL_GPIO_WritePin
 .text.HAL_GPIO_EXTI_Callback
                0x08000864        0x2 Drivers/STM32F4xx_HAL_Driver/Src/stm32f4xx_hal_gpio.o
                0x08000864                HAL_GPIO_EXTI_Callback
 *fill*         0x08000866        0x2 
 .text.HAL_GPIO_EXTI_IRQHandler
                0x08000868       0x1c Drivers/STM32F4xx_HAL_Driver/Src/stm32f4xx_hal_gpio.o
                0x08000868                HAL_GPIO_EXTI_IRQHandler
 .text.HAL_RCC_GetSysClockFreq
                0x08000884       0xd8 Drivers/STM32F4xx_HAL_Driver/Src/stm32f4xx_hal_rcc.o
                0x08000884                HAL_RCC_GetSysClockFreq
 .text.HAL_RCC_ClockConfig
                0x0800095c      0x158 Drivers/STM32F4xx_HAL_Driver/Src/stm32f4xx_hal_rcc.o
                0x0800095c                HAL_RCC_ClockConfig
 .text.HAL_RCC_GetHCLKFreq
                0x08000ab4        0xc Drivers/STM32F4xx_HAL_Driver/Src/stm32f4xx_hal_rcc.o
                0x08000ab4                HAL_RCC_GetHCLKFreq
 .text.HAL_RCC_GetPCLK1Freq
                0x08000ac0       0x20 Drivers/STM32F4xx_HAL_Driver/Src/stm32f4xx_hal_rcc.o
                0x08000ac0                HAL_RCC_GetPCLK1Freq
 .text.HAL_RCC_GetPCLK2Freq
                0x08000ae0       0x20 Drivers/STM32F4xx_HAL_Driver/Src/stm32f4xx_hal_rcc.o
                0x08000ae0                HAL_RCC_GetPCLK2Freq
 .text.HAL_RCC_OscConfig
                0x08000b00      0x390 Drivers/STM32F4xx_HAL_Driver/Src/stm32f4xx_hal_rcc_ex.o
                0x08000b00                HAL_RCC_OscConfig
 .text.SPI_WaitFlagStateUntilTimeout
                0x08000e90       0x96 Drivers/STM32F4xx_HAL_Driver/Src/stm32f4xx_hal_spi.o
 .text.SPI_CheckFlag_BSY
                0x08000f26       0x28 Drivers/STM32F4xx_HAL_Driver/Src/stm32f4xx_hal_spi.o
 .text.HAL_SPI_Init
                0x08000f4e       0x80 Drivers/STM32F4xx_HAL_Driver/Src/stm32f4xx_hal_spi.o
                0x08000f4e                HAL_SPI_Init
 .text.HAL_SPI_TransmitReceive
                0x08000fce      0x238 Drivers/STM32F4xx_HAL_Driver/Src/stm32f4xx_hal_spi.o
                0x08000fce                HAL_SPI_TransmitReceive
 .text.HAL_SPI_Receive
                0x08001206      0x168 Drivers/STM32F4xx_HAL_Driver/Src/stm32f4xx_hal_spi.o
                0x08001206                HAL_SPI_Receive
 .text.HAL_SPI_ErrorCallback
                0x0800136e        0x2 Drivers/STM32F4xx_HAL_Driver/Src/stm32f4xx_hal_spi.o
                0x0800136e                HAL_SPI_ErrorCallback
 .text.HAL_SPI_IRQHandler
                0x08001370      0x108 Drivers/STM32F4xx_HAL_Driver/Src/stm32f4xx_hal_spi.o
                0x08001370                HAL_SPI_IRQHandler
 .text.SPI_DMAAbortOnError
                0x08001478       0x10 Drivers/STM32F4xx_HAL_Driver/Src/stm32f4xx_hal_spi.o
 .text.UART_EndRxTransfer
                0x08001488       0x1c Drivers/STM32F4xx_HAL_Driver/Src/stm32f4xx_hal_uart.o
 .text.UART_Transmit_IT
                0x080014a4       0x68 Drivers/STM32F4xx_HAL_Driver/Src/stm32f4xx_hal_uart.o
 .text.UART_SetConfig
                0x0800150c      0x334 Drivers/STM32F4xx_HAL_Driver/Src/stm32f4xx_hal_uart.o
 .text.HAL_UART_Init
                0x08001840       0x5e Drivers/STM32F4xx_HAL_Driver/Src/stm32f4xx_hal_uart.o
                0x08001840                HAL_UART_Init
 .text.HAL_UART_Receive_IT
                0x0800189e       0x52 Drivers/STM32F4xx_HAL_Driver/Src/stm32f4xx_hal_uart.o
                0x0800189e                HAL_UART_Receive_IT
 .text.HAL_UART_TxCpltCallback
                0x080018f0        0x2 Drivers/STM32F4xx_HAL_Driver/Src/stm32f4xx_hal_uart.o
                0x080018f0                HAL_UART_TxCpltCallback
 .text.UART_EndTransmit_IT
                0x080018f2       0x1a Drivers/STM32F4xx_HAL_Driver/Src/stm32f4xx_hal_uart.o
 .text.UART_Receive_IT
                0x0800190c       0x92 Drivers/STM32F4xx_HAL_Driver/Src/stm32f4xx_hal_uart.o
 .text.HAL_UART_ErrorCallback
                0x0800199e        0x2 Drivers/STM32F4xx_HAL_Driver/Src/stm32f4xx_hal_uart.o
                0x0800199e                HAL_UART_ErrorCallback
 .text.HAL_UART_IRQHandler
                0x080019a0      0x120 Drivers/STM32F4xx_HAL_Driver/Src/stm32f4xx_hal_uart.o
                0x080019a0                HAL_UART_IRQHandler
 .text.UART_DMAAbortOnError
                0x08001ac0       0x10 Drivers/STM32F4xx_HAL_Driver/Src/stm32f4xx_hal_uart.o
 .text.ring_buffer_clear
                0x08001ad0       0x10 Src/DataBuffers/ring_buffer.o
                0x08001ad0                ring_buffer_clear
 .text.ring_buffer_is_full
                0x08001ae0       0x24 Src/DataBuffers/ring_buffer.o
                0x08001ae0                ring_buffer_is_full
 .text.ring_buffer_queue
                0x08001b04       0x50 Src/DataBuffers/ring_buffer.o
                0x08001b04                ring_buffer_queue
 .text.uart_rxBuffer_init
                0x08001b54       0x24 Src/DataBuffers/uart_buffer.o
                0x08001b54                uart_rxBuffer_init
 .text.uart_rxBuffer_get
                0x08001b78        0x8 Src/DataBuffers/uart_buffer.o
                0x08001b78                uart_rxBuffer_get
 .text.uart_rxBuffer_update
                0x08001b80       0x18 Src/DataBuffers/uart_buffer.o
                0x08001b80                uart_rxBuffer_update
 .text.uart_rxBuffer_size_byte_set
                0x08001b98        0xc Src/DataBuffers/uart_buffer.o
                0x08001b98                uart_rxBuffer_size_byte_set
 .text.uart_rxBuffer_crc_byte_set
                0x08001ba4        0xc Src/DataBuffers/uart_buffer.o
                0x08001ba4                uart_rxBuffer_crc_byte_set
 .text.uart_rxBuffer_index_reset
                0x08001bb0       0x10 Src/DataBuffers/uart_buffer.o
                0x08001bb0                uart_rxBuffer_index_reset
 .text.uart_data_transfer_status_set
                0x08001bc0        0xc Src/DataBuffers/uart_buffer.o
                0x08001bc0                uart_data_transfer_status_set
 .text.uart_data_transfer_status_get
                0x08001bcc        0xc Src/DataBuffers/uart_buffer.o
                0x08001bcc                uart_data_transfer_status_get
 .text.packetBuffer_reset
                0x08001bd8       0x12 Src/DataBuffers/uart_buffer.o
                0x08001bd8                packetBuffer_reset
 *fill*         0x08001bea        0x2 
 .text.rx_buffer_crc_calculation
                0x08001bec       0x24 Src/DataBuffers/uart_buffer.o
                0x08001bec                rx_buffer_crc_calculation
 .text.process_rx_data
                0x08001c10       0x90 Src/DataBuffers/uart_buffer.o
                0x08001c10                process_rx_data
 .text.uart_isr_init
                0x08001ca0       0x18 Src/DataBuffers/uart_isr.o
                0x08001ca0                uart_isr_init
 .text.HAL_UART_RxCpltCallback
                0x08001cb8       0x34 Src/DataBuffers/uart_isr.o
                0x08001cb8                HAL_UART_RxCpltCallback
 .text.MX_GPIO_Init
                0x08001cec      0x138 Src/init.o
                0x08001cec                MX_GPIO_Init
 .text._Error_Handler
                0x08001e24        0x2 Src/init.o
                0x08001e24                _Error_Handler
 *fill*         0x08001e26        0x2 
 .text.SystemClock_Config
                0x08001e28       0xac Src/init.o
                0x08001e28                SystemClock_Config
 .text.MX_USART1_UART_Init
                0x08001ed4       0x3c Src/init.o
                0x08001ed4                MX_USART1_UART_Init
 .text.main     0x08001f10       0x54 Src/main2.o
                0x08001f10                main
 .text.path_init
                0x08001f64        0xc Src/path.o
                0x08001f64                path_init
 .text.HAL_MspInit
                0x08001f70       0x94 Src/stm32f4xx_hal_msp.o
                0x08001f70                HAL_MspInit
 .text.HAL_SPI_MspInit
                0x08002004       0xc8 Src/stm32f4xx_hal_msp.o
                0x08002004                HAL_SPI_MspInit
 .text.HAL_UART_MspInit
                0x080020cc       0x64 Src/stm32f4xx_hal_msp.o
                0x080020cc                HAL_UART_MspInit
 .text.NMI_Handler
                0x08002130        0x2 Src/stm32f4xx_it.o
                0x08002130                NMI_Handler
 .text.HardFault_Handler
                0x08002132        0x2 Src/stm32f4xx_it.o
                0x08002132                HardFault_Handler
 .text.MemManage_Handler
                0x08002134        0x2 Src/stm32f4xx_it.o
                0x08002134                MemManage_Handler
 .text.BusFault_Handler
                0x08002136        0x2 Src/stm32f4xx_it.o
                0x08002136                BusFault_Handler
 .text.UsageFault_Handler
                0x08002138        0x2 Src/stm32f4xx_it.o
                0x08002138                UsageFault_Handler
 .text.SVC_Handler
                0x0800213a        0x2 Src/stm32f4xx_it.o
                0x0800213a                SVC_Handler
 .text.DebugMon_Handler
                0x0800213c        0x2 Src/stm32f4xx_it.o
                0x0800213c                DebugMon_Handler
 .text.PendSV_Handler
                0x0800213e        0x2 Src/stm32f4xx_it.o
                0x0800213e                PendSV_Handler
 .text.SysTick_Handler
                0x08002140        0xc Src/stm32f4xx_it.o
                0x08002140                SysTick_Handler
 .text.EXTI0_IRQHandler
                0x0800214c        0xa Src/stm32f4xx_it.o
                0x0800214c                EXTI0_IRQHandler
 .text.EXTI1_IRQHandler
                0x08002156        0xa Src/stm32f4xx_it.o
                0x08002156                EXTI1_IRQHandler
 .text.EXTI4_IRQHandler
                0x08002160        0xa Src/stm32f4xx_it.o
                0x08002160                EXTI4_IRQHandler
 .text.EXTI9_5_IRQHandler
                0x0800216a        0xa Src/stm32f4xx_it.o
                0x0800216a                EXTI9_5_IRQHandler
 .text.SPI1_IRQHandler
                0x08002174       0x10 Src/stm32f4xx_it.o
                0x08002174                SPI1_IRQHandler
 .text.SPI2_IRQHandler
                0x08002184       0x10 Src/stm32f4xx_it.o
                0x08002184                SPI2_IRQHandler
 .text.USART1_IRQHandler
                0x08002194       0x10 Src/stm32f4xx_it.o
                0x08002194                USART1_IRQHandler
 .text.SystemInit
                0x080021a4       0x4c Src/system_stm32f4xx.o
                0x080021a4                SystemInit
 .text.SPI1_Init
                0x080021f0       0x44 Src/Gen5/Gen5_init.o
                0x080021f0                SPI1_Init
 .text.G5_IRQ_Pin_Init
                0x08002234       0x2c Src/Gen5/Gen5_init.o
                0x08002234                G5_IRQ_Pin_Init
 .text.gen5_periph_init
                0x08002260        0xc Src/Gen5/Gen5_init.o
                0x08002260                gen5_periph_init
 .text.Reset_Handler
                0x0800226c       0x50 startup/startup_stm32f410rx.o
                0x0800226c                Reset_Handler
 .text.Default_Handler
                0x080022bc        0x2 startup/startup_stm32f410rx.o
                0x080022bc                RTC_Alarm_IRQHandler
                0x080022bc                EXTI2_IRQHandler
                0x080022bc                FMPI2C1_EV_IRQHandler
                0x080022bc                TIM1_CC_IRQHandler
                0x080022bc                DMA2_Stream5_IRQHandler
                0x080022bc                DMA1_Stream5_IRQHandler
                0x080022bc                PVD_IRQHandler
                0x080022bc                TAMP_STAMP_IRQHandler
                0x080022bc                EXTI3_IRQHandler
                0x080022bc                I2C2_EV_IRQHandler
                0x080022bc                DMA1_Stream2_IRQHandler
                0x080022bc                FPU_IRQHandler
                0x080022bc                DMA2_Stream2_IRQHandler
                0x080022bc                TIM6_DAC_IRQHandler
                0x080022bc                TIM1_BRK_TIM9_IRQHandler
                0x080022bc                DMA2_Stream3_IRQHandler
                0x080022bc                USART6_IRQHandler
                0x080022bc                DMA2_Stream0_IRQHandler
                0x080022bc                I2C1_EV_IRQHandler
                0x080022bc                DMA1_Stream6_IRQHandler
                0x080022bc                DMA1_Stream1_IRQHandler
                0x080022bc                RCC_IRQHandler
                0x080022bc                Default_Handler
                0x080022bc                EXTI15_10_IRQHandler
                0x080022bc                ADC_IRQHandler
                0x080022bc                DMA1_Stream7_IRQHandler
                0x080022bc                SPI5_IRQHandler
                0x080022bc                TIM5_IRQHandler
                0x080022bc                DMA2_Stream7_IRQHandler
                0x080022bc                RTC_WKUP_IRQHandler
                0x080022bc                DMA1_Stream0_IRQHandler
                0x080022bc                FMPI2C1_ER_IRQHandler
                0x080022bc                RNG_IRQHandler
                0x080022bc                TIM1_UP_IRQHandler
                0x080022bc                WWDG_IRQHandler
                0x080022bc                TIM1_TRG_COM_TIM11_IRQHandler
                0x080022bc                USART2_IRQHandler
                0x080022bc                I2C2_ER_IRQHandler
                0x080022bc                DMA2_Stream1_IRQHandler
                0x080022bc                FLASH_IRQHandler
                0x080022bc                DMA2_Stream4_IRQHandler
                0x080022bc                DMA1_Stream4_IRQHandler
                0x080022bc                I2C1_ER_IRQHandler
                0x080022bc                LPTIM1_IRQHandler
                0x080022bc                DMA2_Stream6_IRQHandler
                0x080022bc                DMA1_Stream3_IRQHandler
 *fill*         0x080022be        0x2 
 .text.__libc_init_array
                0x080022c0       0x48 c:/ac6/systemworkbench/plugins/fr.ac6.mcu.externaltools.arm-none.win32_1.16.0.201807130628/tools/compiler/bin/../lib/gcc/arm-none-eabi/7.2.1/../../../../arm-none-eabi/lib/thumb/v7e-m/fpv4-sp/hard\libc_nano.a(lib_a-init.o)
                0x080022c0                __libc_init_array
 .text.memcpy   0x08002308       0x16 c:/ac6/systemworkbench/plugins/fr.ac6.mcu.externaltools.arm-none.win32_1.16.0.201807130628/tools/compiler/bin/../lib/gcc/arm-none-eabi/7.2.1/../../../../arm-none-eabi/lib/thumb/v7e-m/fpv4-sp/hard\libc_nano.a(lib_a-memcpy-stub.o)
                0x08002308                memcpy
 *(.glue_7)
 .glue_7        0x0800231e        0x0 linker stubs
 *(.glue_7t)
 .glue_7t       0x0800231e        0x0 linker stubs
 *(.eh_frame)
 *fill*         0x0800231e        0x2 
 .eh_frame      0x08002320        0x0 c:/ac6/systemworkbench/plugins/fr.ac6.mcu.externaltools.arm-none.win32_1.16.0.201807130628/tools/compiler/bin/../lib/gcc/arm-none-eabi/7.2.1/thumb/v7e-m/fpv4-sp/hard/crtbegin.o
 *(.init)
 .init          0x08002320        0x4 c:/ac6/systemworkbench/plugins/fr.ac6.mcu.externaltools.arm-none.win32_1.16.0.201807130628/tools/compiler/bin/../lib/gcc/arm-none-eabi/7.2.1/thumb/v7e-m/fpv4-sp/hard/crti.o
                0x08002320                _init
 .init          0x08002324        0x8 c:/ac6/systemworkbench/plugins/fr.ac6.mcu.externaltools.arm-none.win32_1.16.0.201807130628/tools/compiler/bin/../lib/gcc/arm-none-eabi/7.2.1/thumb/v7e-m/fpv4-sp/hard/crtn.o
 *(.fini)
 .fini          0x0800232c        0x4 c:/ac6/systemworkbench/plugins/fr.ac6.mcu.externaltools.arm-none.win32_1.16.0.201807130628/tools/compiler/bin/../lib/gcc/arm-none-eabi/7.2.1/thumb/v7e-m/fpv4-sp/hard/crti.o
                0x0800232c                _fini
 .fini          0x08002330        0x8 c:/ac6/systemworkbench/plugins/fr.ac6.mcu.externaltools.arm-none.win32_1.16.0.201807130628/tools/compiler/bin/../lib/gcc/arm-none-eabi/7.2.1/thumb/v7e-m/fpv4-sp/hard/crtn.o
                0x08002338                . = ALIGN (0x4)
                0x08002338                _etext = .

.vfp11_veneer   0x08002338        0x0
 .vfp11_veneer  0x08002338        0x0 linker stubs

.v4_bx          0x08002338        0x0
 .v4_bx         0x08002338        0x0 linker stubs

.iplt           0x08002338        0x0
 .iplt          0x08002338        0x0 c:/ac6/systemworkbench/plugins/fr.ac6.mcu.externaltools.arm-none.win32_1.16.0.201807130628/tools/compiler/bin/../lib/gcc/arm-none-eabi/7.2.1/thumb/v7e-m/fpv4-sp/hard/crtbegin.o

.rodata         0x08002338       0x40
                0x08002338                . = ALIGN (0x4)
 *(.rodata)
 .rodata        0x08002338       0x18 Src/system_stm32f4xx.o
                0x08002338                AHBPrescTable
                0x08002348                APBPrescTable
 *(.rodata*)
 .rodata.str1.4
                0x08002350        0xe Src/init.o
 *fill*         0x0800235e        0x2 
 .rodata.str1.4
                0x08002360       0x18 Src/Gen5/Gen5_init.o
                0x08002378                . = ALIGN (0x4)

.ARM.extab
 *(.ARM.extab* .gnu.linkonce.armextab.*)

.ARM            0x08002378        0x8
                0x08002378                __exidx_start = .
 *(.ARM.exidx*)
 .ARM.exidx     0x08002378        0x8 c:/ac6/systemworkbench/plugins/fr.ac6.mcu.externaltools.arm-none.win32_1.16.0.201807130628/tools/compiler/bin/../lib/gcc/arm-none-eabi/7.2.1/thumb/v7e-m/fpv4-sp/hard\libgcc.a(_udivmoddi4.o)
                0x08002380                __exidx_end = .

.rel.dyn        0x08002380        0x0
 .rel.iplt      0x08002380        0x0 c:/ac6/systemworkbench/plugins/fr.ac6.mcu.externaltools.arm-none.win32_1.16.0.201807130628/tools/compiler/bin/../lib/gcc/arm-none-eabi/7.2.1/thumb/v7e-m/fpv4-sp/hard/crtbegin.o

.preinit_array  0x08002380        0x0
                0x08002380                PROVIDE (__preinit_array_start, .)
 *(.preinit_array*)
                0x08002380                PROVIDE (__preinit_array_end, .)

.init_array     0x08002380        0x4
                0x08002380                PROVIDE (__init_array_start, .)
 *(SORT_BY_NAME(.init_array.*))
 *(.init_array*)
 .init_array    0x08002380        0x4 c:/ac6/systemworkbench/plugins/fr.ac6.mcu.externaltools.arm-none.win32_1.16.0.201807130628/tools/compiler/bin/../lib/gcc/arm-none-eabi/7.2.1/thumb/v7e-m/fpv4-sp/hard/crtbegin.o
                0x08002384                PROVIDE (__init_array_end, .)

.fini_array     0x08002384        0x4
                [!provide]                PROVIDE (__fini_array_start, .)
 *(SORT_BY_NAME(.fini_array.*))
 *(.fini_array*)
 .fini_array    0x08002384        0x4 c:/ac6/systemworkbench/plugins/fr.ac6.mcu.externaltools.arm-none.win32_1.16.0.201807130628/tools/compiler/bin/../lib/gcc/arm-none-eabi/7.2.1/thumb/v7e-m/fpv4-sp/hard/crtbegin.o
                [!provide]                PROVIDE (__fini_array_end, .)
                0x08002388                _sidata = LOADADDR (.data)

.data           0x20000000        0xc load address 0x08002388
                0x20000000                . = ALIGN (0x4)
                0x20000000                _sdata = .
 *(.data)
 .data          0x20000000        0x8 Drivers/STM32F4xx_HAL_Driver/Src/stm32f4xx_hal.o
                0x20000000                uwTickFreq
                0x20000004                uwTickPrio
 .data          0x20000008        0x4 Src/system_stm32f4xx.o
                0x20000008                SystemCoreClock
 *(.data*)
                0x2000000c                . = ALIGN (0x4)
                0x2000000c                _edata = .

.igot.plt       0x2000000c        0x0 load address 0x08002394
 .igot.plt      0x2000000c        0x0 c:/ac6/systemworkbench/plugins/fr.ac6.mcu.externaltools.arm-none.win32_1.16.0.201807130628/tools/compiler/bin/../lib/gcc/arm-none-eabi/7.2.1/thumb/v7e-m/fpv4-sp/hard/crtbegin.o
                0x2000000c                . = ALIGN (0x4)

.bss            0x2000000c      0x370 load address 0x08002394
                0x2000000c                _sbss = .
                0x2000000c                __bss_start__ = _sbss
 *(.bss)
 .bss           0x2000000c       0x1c c:/ac6/systemworkbench/plugins/fr.ac6.mcu.externaltools.arm-none.win32_1.16.0.201807130628/tools/compiler/bin/../lib/gcc/arm-none-eabi/7.2.1/thumb/v7e-m/fpv4-sp/hard/crtbegin.o
 .bss           0x20000028      0x212 Src/DataBuffers/ring_buffer.o
 *fill*         0x2000023a        0x2 
 .bss           0x2000023c       0x47 Src/DataBuffers/uart_buffer.o
 .bss           0x20000283        0x1 Src/DataBuffers/uart_isr.o
 .bss           0x20000284        0x1 Src/path.o
 *(.bss*)
 *(COMMON)
 *fill*         0x20000285        0x3 
 COMMON         0x20000288        0x4 Drivers/STM32F4xx_HAL_Driver/Src/stm32f4xx_hal.o
                0x20000288                uwTick
 COMMON         0x2000028c       0x40 Src/DataBuffers/uart_isr.o
                0x2000028c                uart1
 COMMON         0x200002cc       0x58 Src/Gen2_init.o
                0x200002cc                spi2
 COMMON         0x20000324       0x58 Src/main2.o
                0x20000324                spi1
                0x2000037c                . = ALIGN (0x4)
                0x2000037c                _ebss = .
                0x2000037c                __bss_end__ = _ebss

._user_heap_stack
                0x2000037c      0x604 load address 0x08002394
                0x20000380                . = ALIGN (0x8)
 *fill*         0x2000037c        0x4 
                [!provide]                PROVIDE (end, .)
                [!provide]                PROVIDE (_end, .)
                0x20000580                . = (. + _Min_Heap_Size)
 *fill*         0x20000380      0x200 
                0x20000980                . = (. + _Min_Stack_Size)
 *fill*         0x20000580      0x400 
                0x20000980                . = ALIGN (0x8)

/DISCARD/
 libc.a(*)
 libm.a(*)
 libgcc.a(*)

.ARM.attributes
                0x00000000       0x30
 *(.ARM.attributes)
 .ARM.attributes
                0x00000000       0x22 c:/ac6/systemworkbench/plugins/fr.ac6.mcu.externaltools.arm-none.win32_1.16.0.201807130628/tools/compiler/bin/../lib/gcc/arm-none-eabi/7.2.1/thumb/v7e-m/fpv4-sp/hard/crti.o
 .ARM.attributes
                0x00000022       0x34 c:/ac6/systemworkbench/plugins/fr.ac6.mcu.externaltools.arm-none.win32_1.16.0.201807130628/tools/compiler/bin/../lib/gcc/arm-none-eabi/7.2.1/thumb/v7e-m/fpv4-sp/hard/crtbegin.o
 .ARM.attributes
                0x00000056       0x39 Drivers/STM32F4xx_HAL_Driver/Src/stm32f4xx_hal.o
 .ARM.attributes
                0x0000008f       0x39 Drivers/STM32F4xx_HAL_Driver/Src/stm32f4xx_hal_cortex.o
 .ARM.attributes
                0x000000c8       0x39 Drivers/STM32F4xx_HAL_Driver/Src/stm32f4xx_hal_dma.o
 .ARM.attributes
                0x00000101       0x39 Drivers/STM32F4xx_HAL_Driver/Src/stm32f4xx_hal_gpio.o
 .ARM.attributes
                0x0000013a       0x39 Drivers/STM32F4xx_HAL_Driver/Src/stm32f4xx_hal_rcc.o
 .ARM.attributes
                0x00000173       0x39 Drivers/STM32F4xx_HAL_Driver/Src/stm32f4xx_hal_rcc_ex.o
 .ARM.attributes
                0x000001ac       0x39 Drivers/STM32F4xx_HAL_Driver/Src/stm32f4xx_hal_spi.o
 .ARM.attributes
                0x000001e5       0x39 Drivers/STM32F4xx_HAL_Driver/Src/stm32f4xx_hal_uart.o
 .ARM.attributes
                0x0000021e       0x39 Src/DataBuffers/ring_buffer.o
 .ARM.attributes
                0x00000257       0x39 Src/DataBuffers/uart_buffer.o
 .ARM.attributes
                0x00000290       0x39 Src/DataBuffers/uart_isr.o
 .ARM.attributes
                0x000002c9       0x39 Src/Gen2_init.o
 .ARM.attributes
                0x00000302       0x39 Src/init.o
 .ARM.attributes
                0x0000033b       0x39 Src/main2.o
 .ARM.attributes
                0x00000374       0x39 Src/path.o
 .ARM.attributes
                0x000003ad       0x39 Src/stm32f4xx_hal_msp.o
 .ARM.attributes
                0x000003e6       0x39 Src/stm32f4xx_it.o
 .ARM.attributes
                0x0000041f       0x39 Src/system_stm32f4xx.o
 .ARM.attributes
                0x00000458       0x39 Src/Gen5/Gen5_init.o
 .ARM.attributes
                0x00000491       0x21 startup/startup_stm32f410rx.o
 .ARM.attributes
                0x000004b2       0x22 c:/ac6/systemworkbench/plugins/fr.ac6.mcu.externaltools.arm-none.win32_1.16.0.201807130628/tools/compiler/bin/../lib/gcc/arm-none-eabi/7.2.1/thumb/v7e-m/fpv4-sp/hard\libgcc.a(_aeabi_uldivmod.o)
 .ARM.attributes
                0x000004d4       0x34 c:/ac6/systemworkbench/plugins/fr.ac6.mcu.externaltools.arm-none.win32_1.16.0.201807130628/tools/compiler/bin/../lib/gcc/arm-none-eabi/7.2.1/thumb/v7e-m/fpv4-sp/hard\libgcc.a(_udivmoddi4.o)
 .ARM.attributes
                0x00000508       0x22 c:/ac6/systemworkbench/plugins/fr.ac6.mcu.externaltools.arm-none.win32_1.16.0.201807130628/tools/compiler/bin/../lib/gcc/arm-none-eabi/7.2.1/thumb/v7e-m/fpv4-sp/hard\libgcc.a(_dvmd_tls.o)
 .ARM.attributes
                0x0000052a       0x34 c:/ac6/systemworkbench/plugins/fr.ac6.mcu.externaltools.arm-none.win32_1.16.0.201807130628/tools/compiler/bin/../lib/gcc/arm-none-eabi/7.2.1/../../../../arm-none-eabi/lib/thumb/v7e-m/fpv4-sp/hard\libc_nano.a(lib_a-init.o)
 .ARM.attributes
                0x0000055e       0x34 c:/ac6/systemworkbench/plugins/fr.ac6.mcu.externaltools.arm-none.win32_1.16.0.201807130628/tools/compiler/bin/../lib/gcc/arm-none-eabi/7.2.1/../../../../arm-none-eabi/lib/thumb/v7e-m/fpv4-sp/hard\libc_nano.a(lib_a-memcpy-stub.o)
 .ARM.attributes
                0x00000592       0x22 c:/ac6/systemworkbench/plugins/fr.ac6.mcu.externaltools.arm-none.win32_1.16.0.201807130628/tools/compiler/bin/../lib/gcc/arm-none-eabi/7.2.1/thumb/v7e-m/fpv4-sp/hard/crtn.o
OUTPUT(e_GES.elf elf32-littlearm)

.debug_info     0x00000000    0x15b75
 .debug_info    0x00000000     0x110e Drivers/STM32F4xx_HAL_Driver/Src/stm32f4xx_hal.o
 .debug_info    0x0000110e     0x16a7 Drivers/STM32F4xx_HAL_Driver/Src/stm32f4xx_hal_cortex.o
 .debug_info    0x000027b5     0x1274 Drivers/STM32F4xx_HAL_Driver/Src/stm32f4xx_hal_dma.o
 .debug_info    0x00003a29      0xf96 Drivers/STM32F4xx_HAL_Driver/Src/stm32f4xx_hal_gpio.o
 .debug_info    0x000049bf     0x1250 Drivers/STM32F4xx_HAL_Driver/Src/stm32f4xx_hal_rcc.o
 .debug_info    0x00005c0f     0x1002 Drivers/STM32F4xx_HAL_Driver/Src/stm32f4xx_hal_rcc_ex.o
 .debug_info    0x00006c11     0x2200 Drivers/STM32F4xx_HAL_Driver/Src/stm32f4xx_hal_spi.o
 .debug_info    0x00008e11     0x1f13 Drivers/STM32F4xx_HAL_Driver/Src/stm32f4xx_hal_uart.o
 .debug_info    0x0000ad24      0x244 Src/DataBuffers/ring_buffer.o
 .debug_info    0x0000af68      0x3cf Src/DataBuffers/uart_buffer.o
 .debug_info    0x0000b337      0xe8a Src/DataBuffers/uart_isr.o
 .debug_info    0x0000c1c1     0x15a2 Src/Gen2_init.o
 .debug_info    0x0000d763     0x16e4 Src/init.o
 .debug_info    0x0000ee47     0x11e6 Src/main2.o
 .debug_info    0x0001002d     0x11ce Src/path.o
 .debug_info    0x000111fb     0x1a2a Src/stm32f4xx_hal_msp.o
 .debug_info    0x00012c25     0x11f5 Src/stm32f4xx_it.o
 .debug_info    0x00013e1a      0xd12 Src/system_stm32f4xx.o
 .debug_info    0x00014b2c     0x1027 Src/Gen5/Gen5_init.o
 .debug_info    0x00015b53       0x22 startup/startup_stm32f410rx.o

.debug_abbrev   0x00000000     0x30f1
 .debug_abbrev  0x00000000      0x2e5 Drivers/STM32F4xx_HAL_Driver/Src/stm32f4xx_hal.o
 .debug_abbrev  0x000002e5      0x3d6 Drivers/STM32F4xx_HAL_Driver/Src/stm32f4xx_hal_cortex.o
 .debug_abbrev  0x000006bb      0x31b Drivers/STM32F4xx_HAL_Driver/Src/stm32f4xx_hal_dma.o
 .debug_abbrev  0x000009d6      0x2a7 Drivers/STM32F4xx_HAL_Driver/Src/stm32f4xx_hal_gpio.o
 .debug_abbrev  0x00000c7d      0x333 Drivers/STM32F4xx_HAL_Driver/Src/stm32f4xx_hal_rcc.o
 .debug_abbrev  0x00000fb0      0x284 Drivers/STM32F4xx_HAL_Driver/Src/stm32f4xx_hal_rcc_ex.o
 .debug_abbrev  0x00001234      0x2f2 Drivers/STM32F4xx_HAL_Driver/Src/stm32f4xx_hal_spi.o
 .debug_abbrev  0x00001526      0x344 Drivers/STM32F4xx_HAL_Driver/Src/stm32f4xx_hal_uart.o
 .debug_abbrev  0x0000186a      0x14f Src/DataBuffers/ring_buffer.o
 .debug_abbrev  0x000019b9      0x1aa Src/DataBuffers/uart_buffer.o
 .debug_abbrev  0x00001b63      0x25c Src/DataBuffers/uart_isr.o
 .debug_abbrev  0x00001dbf      0x256 Src/Gen2_init.o
 .debug_abbrev  0x00002015      0x270 Src/init.o
 .debug_abbrev  0x00002285      0x262 Src/main2.o
 .debug_abbrev  0x000024e7      0x2b7 Src/path.o
 .debug_abbrev  0x0000279e      0x28c Src/stm32f4xx_hal_msp.o
 .debug_abbrev  0x00002a2a      0x263 Src/stm32f4xx_it.o
 .debug_abbrev  0x00002c8d      0x205 Src/system_stm32f4xx.o
 .debug_abbrev  0x00002e92      0x24d Src/Gen5/Gen5_init.o
 .debug_abbrev  0x000030df       0x12 startup/startup_stm32f410rx.o

.debug_loc      0x00000000     0x546e
 .debug_loc     0x00000000       0xfd Drivers/STM32F4xx_HAL_Driver/Src/stm32f4xx_hal.o
 .debug_loc     0x000000fd      0x5ce Drivers/STM32F4xx_HAL_Driver/Src/stm32f4xx_hal_cortex.o
 .debug_loc     0x000006cb      0xb4e Drivers/STM32F4xx_HAL_Driver/Src/stm32f4xx_hal_dma.o
 .debug_loc     0x00001219      0x471 Drivers/STM32F4xx_HAL_Driver/Src/stm32f4xx_hal_gpio.o
 .debug_loc     0x0000168a      0x3f1 Drivers/STM32F4xx_HAL_Driver/Src/stm32f4xx_hal_rcc.o
 .debug_loc     0x00001a7b      0x45a Drivers/STM32F4xx_HAL_Driver/Src/stm32f4xx_hal_rcc_ex.o
 .debug_loc     0x00001ed5     0x1937 Drivers/STM32F4xx_HAL_Driver/Src/stm32f4xx_hal_spi.o
 .debug_loc     0x0000380c     0x158b Drivers/STM32F4xx_HAL_Driver/Src/stm32f4xx_hal_uart.o
 .debug_loc     0x00004d97       0x9d Src/DataBuffers/ring_buffer.o
 .debug_loc     0x00004e34      0x1ba Src/DataBuffers/uart_buffer.o
 .debug_loc     0x00004fee       0x3a Src/DataBuffers/uart_isr.o
 .debug_loc     0x00005028       0x1e Src/main2.o
 .debug_loc     0x00005046      0x18e Src/path.o
 .debug_loc     0x000051d4      0x15c Src/stm32f4xx_hal_msp.o
 .debug_loc     0x00005330      0x13e Src/system_stm32f4xx.o

.debug_aranges  0x00000000      0xa28
 .debug_aranges
                0x00000000       0xe0 Drivers/STM32F4xx_HAL_Driver/Src/stm32f4xx_hal.o
 .debug_aranges
                0x000000e0       0xa8 Drivers/STM32F4xx_HAL_Driver/Src/stm32f4xx_hal_cortex.o
 .debug_aranges
                0x00000188       0x90 Drivers/STM32F4xx_HAL_Driver/Src/stm32f4xx_hal_dma.o
 .debug_aranges
                0x00000218       0x58 Drivers/STM32F4xx_HAL_Driver/Src/stm32f4xx_hal_gpio.o
 .debug_aranges
                0x00000270       0x88 Drivers/STM32F4xx_HAL_Driver/Src/stm32f4xx_hal_rcc.o
 .debug_aranges
                0x000002f8       0x50 Drivers/STM32F4xx_HAL_Driver/Src/stm32f4xx_hal_rcc_ex.o
 .debug_aranges
                0x00000348      0x1c8 Drivers/STM32F4xx_HAL_Driver/Src/stm32f4xx_hal_spi.o
 .debug_aranges
                0x00000510      0x1d0 Drivers/STM32F4xx_HAL_Driver/Src/stm32f4xx_hal_uart.o
 .debug_aranges
                0x000006e0       0x40 Src/DataBuffers/ring_buffer.o
 .debug_aranges
                0x00000720       0x80 Src/DataBuffers/uart_buffer.o
 .debug_aranges
                0x000007a0       0x28 Src/DataBuffers/uart_isr.o
 .debug_aranges
                0x000007c8       0x48 Src/Gen2_init.o
 .debug_aranges
                0x00000810       0x38 Src/init.o
 .debug_aranges
                0x00000848       0x20 Src/main2.o
 .debug_aranges
                0x00000868       0x50 Src/path.o
 .debug_aranges
                0x000008b8       0x50 Src/stm32f4xx_hal_msp.o
 .debug_aranges
                0x00000908       0x98 Src/stm32f4xx_it.o
 .debug_aranges
                0x000009a0       0x28 Src/system_stm32f4xx.o
 .debug_aranges
                0x000009c8       0x38 Src/Gen5/Gen5_init.o
 .debug_aranges
                0x00000a00       0x28 startup/startup_stm32f410rx.o

.debug_ranges   0x00000000      0x980
 .debug_ranges  0x00000000       0xd0 Drivers/STM32F4xx_HAL_Driver/Src/stm32f4xx_hal.o
 .debug_ranges  0x000000d0       0xf8 Drivers/STM32F4xx_HAL_Driver/Src/stm32f4xx_hal_cortex.o
 .debug_ranges  0x000001c8       0x80 Drivers/STM32F4xx_HAL_Driver/Src/stm32f4xx_hal_dma.o
 .debug_ranges  0x00000248       0x48 Drivers/STM32F4xx_HAL_Driver/Src/stm32f4xx_hal_gpio.o
 .debug_ranges  0x00000290       0x90 Drivers/STM32F4xx_HAL_Driver/Src/stm32f4xx_hal_rcc.o
 .debug_ranges  0x00000320       0x58 Drivers/STM32F4xx_HAL_Driver/Src/stm32f4xx_hal_rcc_ex.o
 .debug_ranges  0x00000378      0x1b8 Drivers/STM32F4xx_HAL_Driver/Src/stm32f4xx_hal_spi.o
 .debug_ranges  0x00000530      0x1c0 Drivers/STM32F4xx_HAL_Driver/Src/stm32f4xx_hal_uart.o
 .debug_ranges  0x000006f0       0x30 Src/DataBuffers/ring_buffer.o
 .debug_ranges  0x00000720       0x70 Src/DataBuffers/uart_buffer.o
 .debug_ranges  0x00000790       0x18 Src/DataBuffers/uart_isr.o
 .debug_ranges  0x000007a8       0x38 Src/Gen2_init.o
 .debug_ranges  0x000007e0       0x28 Src/init.o
 .debug_ranges  0x00000808       0x10 Src/main2.o
 .debug_ranges  0x00000818       0x40 Src/path.o
 .debug_ranges  0x00000858       0x40 Src/stm32f4xx_hal_msp.o
 .debug_ranges  0x00000898       0x88 Src/stm32f4xx_it.o
 .debug_ranges  0x00000920       0x18 Src/system_stm32f4xx.o
 .debug_ranges  0x00000938       0x28 Src/Gen5/Gen5_init.o
 .debug_ranges  0x00000960       0x20 startup/startup_stm32f410rx.o

.debug_macro    0x00000000    0x15f4b
 .debug_macro   0x00000000      0x390 Drivers/STM32F4xx_HAL_Driver/Src/stm32f4xx_hal.o
 .debug_macro   0x00000390      0xa60 Drivers/STM32F4xx_HAL_Driver/Src/stm32f4xx_hal.o
 .debug_macro   0x00000df0      0x179 Drivers/STM32F4xx_HAL_Driver/Src/stm32f4xx_hal.o
 .debug_macro   0x00000f69      0x186 Drivers/STM32F4xx_HAL_Driver/Src/stm32f4xx_hal.o
 .debug_macro   0x000010ef       0x32 Drivers/STM32F4xx_HAL_Driver/Src/stm32f4xx_hal.o
 .debug_macro   0x00001121       0x28 Drivers/STM32F4xx_HAL_Driver/Src/stm32f4xx_hal.o
 .debug_macro   0x00001149       0x22 Drivers/STM32F4xx_HAL_Driver/Src/stm32f4xx_hal.o
 .debug_macro   0x0000116b       0x87 Drivers/STM32F4xx_HAL_Driver/Src/stm32f4xx_hal.o
 .debug_macro   0x000011f2       0x51 Drivers/STM32F4xx_HAL_Driver/Src/stm32f4xx_hal.o
 .debug_macro   0x00001243       0xef Drivers/STM32F4xx_HAL_Driver/Src/stm32f4xx_hal.o
 .debug_macro   0x00001332       0x6a Drivers/STM32F4xx_HAL_Driver/Src/stm32f4xx_hal.o
 .debug_macro   0x0000139c      0x1df Drivers/STM32F4xx_HAL_Driver/Src/stm32f4xx_hal.o
 .debug_macro   0x0000157b       0x35 Drivers/STM32F4xx_HAL_Driver/Src/stm32f4xx_hal.o
 .debug_macro   0x000015b0       0x50 Drivers/STM32F4xx_HAL_Driver/Src/stm32f4xx_hal.o
 .debug_macro   0x00001600      0xe66 Drivers/STM32F4xx_HAL_Driver/Src/stm32f4xx_hal.o
 .debug_macro   0x00002466     0x9c5e Drivers/STM32F4xx_HAL_Driver/Src/stm32f4xx_hal.o
 .debug_macro   0x0000c0c4       0x43 Drivers/STM32F4xx_HAL_Driver/Src/stm32f4xx_hal.o
 .debug_macro   0x0000c107     0x3535 Drivers/STM32F4xx_HAL_Driver/Src/stm32f4xx_hal.o
 .debug_macro   0x0000f63c       0x58 Drivers/STM32F4xx_HAL_Driver/Src/stm32f4xx_hal.o
 .debug_macro   0x0000f694       0x17 Drivers/STM32F4xx_HAL_Driver/Src/stm32f4xx_hal.o
 .debug_macro   0x0000f6ab       0x35 Drivers/STM32F4xx_HAL_Driver/Src/stm32f4xx_hal.o
 .debug_macro   0x0000f6e0       0x9c Drivers/STM32F4xx_HAL_Driver/Src/stm32f4xx_hal.o
 .debug_macro   0x0000f77c       0x16 Drivers/STM32F4xx_HAL_Driver/Src/stm32f4xx_hal.o
 .debug_macro   0x0000f792       0x97 Drivers/STM32F4xx_HAL_Driver/Src/stm32f4xx_hal.o
 .debug_macro   0x0000f829      0x330 Drivers/STM32F4xx_HAL_Driver/Src/stm32f4xx_hal.o
 .debug_macro   0x0000fb59       0xfd Drivers/STM32F4xx_HAL_Driver/Src/stm32f4xx_hal.o
 .debug_macro   0x0000fc56       0x10 Drivers/STM32F4xx_HAL_Driver/Src/stm32f4xx_hal.o
 .debug_macro   0x0000fc66       0x58 Drivers/STM32F4xx_HAL_Driver/Src/stm32f4xx_hal.o
 .debug_macro   0x0000fcbe       0x1f Drivers/STM32F4xx_HAL_Driver/Src/stm32f4xx_hal.o
 .debug_macro   0x0000fcdd       0x43 Drivers/STM32F4xx_HAL_Driver/Src/stm32f4xx_hal.o
 .debug_macro   0x0000fd20       0x20 Drivers/STM32F4xx_HAL_Driver/Src/stm32f4xx_hal.o
 .debug_macro   0x0000fd40      0x18e Drivers/STM32F4xx_HAL_Driver/Src/stm32f4xx_hal.o
 .debug_macro   0x0000fece       0x10 Drivers/STM32F4xx_HAL_Driver/Src/stm32f4xx_hal.o
 .debug_macro   0x0000fede       0x1c Drivers/STM32F4xx_HAL_Driver/Src/stm32f4xx_hal.o
 .debug_macro   0x0000fefa       0x52 Drivers/STM32F4xx_HAL_Driver/Src/stm32f4xx_hal.o
 .debug_macro   0x0000ff4c       0x40 Drivers/STM32F4xx_HAL_Driver/Src/stm32f4xx_hal.o
 .debug_macro   0x0000ff8c       0x10 Drivers/STM32F4xx_HAL_Driver/Src/stm32f4xx_hal.o
 .debug_macro   0x0000ff9c       0x40 Drivers/STM32F4xx_HAL_Driver/Src/stm32f4xx_hal.o
 .debug_macro   0x0000ffdc       0xd7 Drivers/STM32F4xx_HAL_Driver/Src/stm32f4xx_hal.o
 .debug_macro   0x000100b3       0x1c Drivers/STM32F4xx_HAL_Driver/Src/stm32f4xx_hal.o
 .debug_macro   0x000100cf       0x3d Drivers/STM32F4xx_HAL_Driver/Src/stm32f4xx_hal.o
 .debug_macro   0x0001010c       0x16 Drivers/STM32F4xx_HAL_Driver/Src/stm32f4xx_hal.o
 .debug_macro   0x00010122      0x16f Drivers/STM32F4xx_HAL_Driver/Src/stm32f4xx_hal.o
 .debug_macro   0x00010291       0x50 Drivers/STM32F4xx_HAL_Driver/Src/stm32f4xx_hal.o
 .debug_macro   0x000102e1      0x39f Drivers/STM32F4xx_HAL_Driver/Src/stm32f4xx_hal.o
 .debug_macro   0x00010680      0xa02 Drivers/STM32F4xx_HAL_Driver/Src/stm32f4xx_hal.o
 .debug_macro   0x00011082      0x11e Drivers/STM32F4xx_HAL_Driver/Src/stm32f4xx_hal.o
 .debug_macro   0x000111a0       0xc0 Drivers/STM32F4xx_HAL_Driver/Src/stm32f4xx_hal.o
 .debug_macro   0x00011260       0x27 Drivers/STM32F4xx_HAL_Driver/Src/stm32f4xx_hal.o
 .debug_macro   0x00011287      0x287 Drivers/STM32F4xx_HAL_Driver/Src/stm32f4xx_hal.o
 .debug_macro   0x0001150e       0x5f Drivers/STM32F4xx_HAL_Driver/Src/stm32f4xx_hal.o
 .debug_macro   0x0001156d      0x23a Drivers/STM32F4xx_HAL_Driver/Src/stm32f4xx_hal.o
 .debug_macro   0x000117a7       0xe6 Drivers/STM32F4xx_HAL_Driver/Src/stm32f4xx_hal.o
 .debug_macro   0x0001188d       0xa1 Drivers/STM32F4xx_HAL_Driver/Src/stm32f4xx_hal.o
 .debug_macro   0x0001192e       0x3c Drivers/STM32F4xx_HAL_Driver/Src/stm32f4xx_hal.o
 .debug_macro   0x0001196a      0x13a Drivers/STM32F4xx_HAL_Driver/Src/stm32f4xx_hal.o
 .debug_macro   0x00011aa4      0x225 Drivers/STM32F4xx_HAL_Driver/Src/stm32f4xx_hal.o
 .debug_macro   0x00011cc9       0x2e Drivers/STM32F4xx_HAL_Driver/Src/stm32f4xx_hal.o
 .debug_macro   0x00011cf7      0x11e Drivers/STM32F4xx_HAL_Driver/Src/stm32f4xx_hal.o
 .debug_macro   0x00011e15       0x91 Drivers/STM32F4xx_HAL_Driver/Src/stm32f4xx_hal.o
 .debug_macro   0x00011ea6       0x89 Drivers/STM32F4xx_HAL_Driver/Src/stm32f4xx_hal.o
 .debug_macro   0x00011f2f      0x202 Drivers/STM32F4xx_HAL_Driver/Src/stm32f4xx_hal.o
 .debug_macro   0x00012131      0x287 Drivers/STM32F4xx_HAL_Driver/Src/stm32f4xx_hal.o
 .debug_macro   0x000123b8      0x13b Drivers/STM32F4xx_HAL_Driver/Src/stm32f4xx_hal.o
 .debug_macro   0x000124f3      0x330 Drivers/STM32F4xx_HAL_Driver/Src/stm32f4xx_hal_cortex.o
 .debug_macro   0x00012823      0x337 Drivers/STM32F4xx_HAL_Driver/Src/stm32f4xx_hal_dma.o
 .debug_macro   0x00012b5a      0x368 Drivers/STM32F4xx_HAL_Driver/Src/stm32f4xx_hal_gpio.o
 .debug_macro   0x00012ec2      0x354 Drivers/STM32F4xx_HAL_Driver/Src/stm32f4xx_hal_rcc.o
 .debug_macro   0x00013216      0x330 Drivers/STM32F4xx_HAL_Driver/Src/stm32f4xx_hal_rcc_ex.o
 .debug_macro   0x00013546      0x338 Drivers/STM32F4xx_HAL_Driver/Src/stm32f4xx_hal_spi.o
 .debug_macro   0x0001387e      0x331 Drivers/STM32F4xx_HAL_Driver/Src/stm32f4xx_hal_uart.o
 .debug_macro   0x00013baf       0x90 Src/DataBuffers/ring_buffer.o
 .debug_macro   0x00013c3f       0x10 Src/DataBuffers/ring_buffer.o
 .debug_macro   0x00013c4f       0x10 Src/DataBuffers/ring_buffer.o
 .debug_macro   0x00013c5f       0x10 Src/DataBuffers/ring_buffer.o
 .debug_macro   0x00013c6f       0x81 Src/DataBuffers/uart_buffer.o
 .debug_macro   0x00013cf0      0x361 Src/DataBuffers/uart_isr.o
 .debug_macro   0x00014051       0x16 Src/DataBuffers/uart_isr.o
 .debug_macro   0x00014067       0xa0 Src/DataBuffers/uart_isr.o
 .debug_macro   0x00014107      0x348 Src/Gen2_init.o
 .debug_macro   0x0001444f       0xb8 Src/Gen2_init.o
 .debug_macro   0x00014507      0x339 Src/init.o
 .debug_macro   0x00014840      0x395 Src/main2.o
 .debug_macro   0x00014bd5       0x3b Src/main2.o
 .debug_macro   0x00014c10       0x16 Src/main2.o
 .debug_macro   0x00014c26       0x34 Src/main2.o
 .debug_macro   0x00014c5a       0x46 Src/main2.o
 .debug_macro   0x00014ca0      0x391 Src/path.o
 .debug_macro   0x00015031       0x2e Src/path.o
 .debug_macro   0x0001505f      0x174 Src/path.o
 .debug_macro   0x000151d3       0x10 Src/path.o
 .debug_macro   0x000151e3       0x35 Src/path.o
 .debug_macro   0x00015218       0x1c Src/path.o
 .debug_macro   0x00015234       0x16 Src/path.o
 .debug_macro   0x0001524a      0x330 Src/stm32f4xx_hal_msp.o
 .debug_macro   0x0001557a      0x343 Src/stm32f4xx_it.o
 .debug_macro   0x000158bd      0x336 Src/system_stm32f4xx.o
 .debug_macro   0x00015bf3      0x348 Src/Gen5/Gen5_init.o
 .debug_macro   0x00015f3b       0x10 Src/Gen5/Gen5_init.o

.debug_line     0x00000000     0xabff
 .debug_line    0x00000000      0x945 Drivers/STM32F4xx_HAL_Driver/Src/stm32f4xx_hal.o
 .debug_line    0x00000945      0x9a2 Drivers/STM32F4xx_HAL_Driver/Src/stm32f4xx_hal_cortex.o
 .debug_line    0x000012e7      0xa8d Drivers/STM32F4xx_HAL_Driver/Src/stm32f4xx_hal_dma.o
 .debug_line    0x00001d74      0x8b7 Drivers/STM32F4xx_HAL_Driver/Src/stm32f4xx_hal_gpio.o
 .debug_line    0x0000262b      0x9e0 Drivers/STM32F4xx_HAL_Driver/Src/stm32f4xx_hal_rcc.o
 .debug_line    0x0000300b      0x980 Drivers/STM32F4xx_HAL_Driver/Src/stm32f4xx_hal_rcc_ex.o
 .debug_line    0x0000398b     0x115a Drivers/STM32F4xx_HAL_Driver/Src/stm32f4xx_hal_spi.o
 .debug_line    0x00004ae5     0x1072 Drivers/STM32F4xx_HAL_Driver/Src/stm32f4xx_hal_uart.o
 .debug_line    0x00005b57      0x39a Src/DataBuffers/ring_buffer.o
 .debug_line    0x00005ef1      0x454 Src/DataBuffers/uart_buffer.o
 .debug_line    0x00006345      0x7ce Src/DataBuffers/uart_isr.o
 .debug_line    0x00006b13      0x7f2 Src/Gen2_init.o
 .debug_line    0x00007305      0x7d3 Src/init.o
 .debug_line    0x00007ad8      0x819 Src/main2.o
 .debug_line    0x000082f1      0x890 Src/path.o
 .debug_line    0x00008b81      0x826 Src/stm32f4xx_hal_msp.o
 .debug_line    0x000093a7      0x875 Src/stm32f4xx_it.o
 .debug_line    0x00009c1c      0x78e Src/system_stm32f4xx.o
 .debug_line    0x0000a3aa      0x7d6 Src/Gen5/Gen5_init.o
 .debug_line    0x0000ab80       0x7f startup/startup_stm32f410rx.o

.debug_str      0x00000000    0x76334
 .debug_str     0x00000000    0x738a1 Drivers/STM32F4xx_HAL_Driver/Src/stm32f4xx_hal.o
                              0x73ce4 (size before relaxing)
 .debug_str     0x000738a1      0x3ae Drivers/STM32F4xx_HAL_Driver/Src/stm32f4xx_hal_cortex.o
                              0x73a43 (size before relaxing)
 .debug_str     0x00073c4f      0x53e Drivers/STM32F4xx_HAL_Driver/Src/stm32f4xx_hal_dma.o
                              0x73746 (size before relaxing)
 .debug_str     0x0007418d      0x292 Drivers/STM32F4xx_HAL_Driver/Src/stm32f4xx_hal_gpio.o
                              0x7354d (size before relaxing)
 .debug_str     0x0007441f      0x389 Drivers/STM32F4xx_HAL_Driver/Src/stm32f4xx_hal_rcc.o
                              0x73716 (size before relaxing)
 .debug_str     0x000747a8      0x17f Drivers/STM32F4xx_HAL_Driver/Src/stm32f4xx_hal_rcc_ex.o
                              0x73545 (size before relaxing)
 .debug_str     0x00074927      0x6d0 Drivers/STM32F4xx_HAL_Driver/Src/stm32f4xx_hal_spi.o
                              0x73b4a (size before relaxing)
 .debug_str     0x00074ff7      0x67b Drivers/STM32F4xx_HAL_Driver/Src/stm32f4xx_hal_uart.o
                              0x73ba9 (size before relaxing)
 .debug_str     0x00075672      0x1d3 Src/DataBuffers/ring_buffer.o
                               0x3ddf (size before relaxing)
 .debug_str     0x00075845      0x1f5 Src/DataBuffers/uart_buffer.o
                               0x3eb9 (size before relaxing)
 .debug_str     0x00075a3a       0x77 Src/DataBuffers/uart_isr.o
                              0x736c9 (size before relaxing)
 .debug_str     0x00075ab1       0xa2 Src/Gen2_init.o
                              0x73c00 (size before relaxing)
 .debug_str     0x00075b53       0x42 Src/init.o
                              0x73c7c (size before relaxing)
 .debug_str     0x00075b95      0x2cd Src/main2.o
                              0x73baf (size before relaxing)
 .debug_str     0x00075e62      0x18a Src/path.o
                              0x73a0b (size before relaxing)
 .debug_str     0x00075fec      0x149 Src/stm32f4xx_hal_msp.o
                              0x73da1 (size before relaxing)
 .debug_str     0x00076135      0x130 Src/stm32f4xx_it.o
                              0x73879 (size before relaxing)
 .debug_str     0x00076265       0x5a Src/system_stm32f4xx.o
                              0x73303 (size before relaxing)
 .debug_str     0x000762bf       0x45 Src/Gen5/Gen5_init.o
                              0x736f0 (size before relaxing)
 .debug_str     0x00076304       0x30 startup/startup_stm32f410rx.o
                                 0x48 (size before relaxing)

.comment        0x00000000       0x7e
 .comment       0x00000000       0x7e Drivers/STM32F4xx_HAL_Driver/Src/stm32f4xx_hal.o
                                 0x7f (size before relaxing)
 .comment       0x0000007e       0x7f Drivers/STM32F4xx_HAL_Driver/Src/stm32f4xx_hal_cortex.o
 .comment       0x0000007e       0x7f Drivers/STM32F4xx_HAL_Driver/Src/stm32f4xx_hal_dma.o
 .comment       0x0000007e       0x7f Drivers/STM32F4xx_HAL_Driver/Src/stm32f4xx_hal_gpio.o
 .comment       0x0000007e       0x7f Drivers/STM32F4xx_HAL_Driver/Src/stm32f4xx_hal_rcc.o
 .comment       0x0000007e       0x7f Drivers/STM32F4xx_HAL_Driver/Src/stm32f4xx_hal_rcc_ex.o
 .comment       0x0000007e       0x7f Drivers/STM32F4xx_HAL_Driver/Src/stm32f4xx_hal_spi.o
 .comment       0x0000007e       0x7f Drivers/STM32F4xx_HAL_Driver/Src/stm32f4xx_hal_uart.o
 .comment       0x0000007e       0x7f Src/DataBuffers/ring_buffer.o
 .comment       0x0000007e       0x7f Src/DataBuffers/uart_buffer.o
 .comment       0x0000007e       0x7f Src/DataBuffers/uart_isr.o
 .comment       0x0000007e       0x7f Src/Gen2_init.o
 .comment       0x0000007e       0x7f Src/init.o
 .comment       0x0000007e       0x7f Src/main2.o
 .comment       0x0000007e       0x7f Src/path.o
 .comment       0x0000007e       0x7f Src/stm32f4xx_hal_msp.o
 .comment       0x0000007e       0x7f Src/stm32f4xx_it.o
 .comment       0x0000007e       0x7f Src/system_stm32f4xx.o
 .comment       0x0000007e       0x7f Src/Gen5/Gen5_init.o

.debug_frame    0x00000000     0x1938
 .debug_frame   0x00000000      0x1cc Drivers/STM32F4xx_HAL_Driver/Src/stm32f4xx_hal.o
 .debug_frame   0x000001cc      0x15c Drivers/STM32F4xx_HAL_Driver/Src/stm32f4xx_hal_cortex.o
 .debug_frame   0x00000328      0x188 Drivers/STM32F4xx_HAL_Driver/Src/stm32f4xx_hal_dma.o
 .debug_frame   0x000004b0       0xd8 Drivers/STM32F4xx_HAL_Driver/Src/stm32f4xx_hal_gpio.o
 .debug_frame   0x00000588      0x184 Drivers/STM32F4xx_HAL_Driver/Src/stm32f4xx_hal_rcc.o
 .debug_frame   0x0000070c       0xb8 Drivers/STM32F4xx_HAL_Driver/Src/stm32f4xx_hal_rcc_ex.o
 .debug_frame   0x000007c4      0x55c Drivers/STM32F4xx_HAL_Driver/Src/stm32f4xx_hal_spi.o
 .debug_frame   0x00000d20      0x4f0 Drivers/STM32F4xx_HAL_Driver/Src/stm32f4xx_hal_uart.o
 .debug_frame   0x00001210       0x78 Src/DataBuffers/ring_buffer.o
 .debug_frame   0x00001288       0xf4 Src/DataBuffers/uart_buffer.o
 .debug_frame   0x0000137c       0x40 Src/DataBuffers/uart_isr.o
 .debug_frame   0x000013bc       0xb0 Src/Gen2_init.o
 .debug_frame   0x0000146c       0x80 Src/init.o
 .debug_frame   0x000014ec       0x2c Src/main2.o
 .debug_frame   0x00001518       0x9c Src/path.o
 .debug_frame   0x000015b4       0xdc Src/stm32f4xx_hal_msp.o
 .debug_frame   0x00001690      0x150 Src/stm32f4xx_it.o
 .debug_frame   0x000017e0       0x30 Src/system_stm32f4xx.o
 .debug_frame   0x00001810       0x74 Src/Gen5/Gen5_init.o
 .debug_frame   0x00001884       0x2c c:/ac6/systemworkbench/plugins/fr.ac6.mcu.externaltools.arm-none.win32_1.16.0.201807130628/tools/compiler/bin/../lib/gcc/arm-none-eabi/7.2.1/thumb/v7e-m/fpv4-sp/hard\libgcc.a(_aeabi_uldivmod.o)
 .debug_frame   0x000018b0       0x34 c:/ac6/systemworkbench/plugins/fr.ac6.mcu.externaltools.arm-none.win32_1.16.0.201807130628/tools/compiler/bin/../lib/gcc/arm-none-eabi/7.2.1/thumb/v7e-m/fpv4-sp/hard\libgcc.a(_udivmoddi4.o)
 .debug_frame   0x000018e4       0x2c c:/ac6/systemworkbench/plugins/fr.ac6.mcu.externaltools.arm-none.win32_1.16.0.201807130628/tools/compiler/bin/../lib/gcc/arm-none-eabi/7.2.1/../../../../arm-none-eabi/lib/thumb/v7e-m/fpv4-sp/hard\libc_nano.a(lib_a-init.o)
 .debug_frame   0x00001910       0x28 c:/ac6/systemworkbench/plugins/fr.ac6.mcu.externaltools.arm-none.win32_1.16.0.201807130628/tools/compiler/bin/../lib/gcc/arm-none-eabi/7.2.1/../../../../arm-none-eabi/lib/thumb/v7e-m/fpv4-sp/hard\libc_nano.a(lib_a-memcpy-stub.o)
