Archive member included to satisfy reference by file (symbol)

c:/ac6/systemworkbench/plugins/fr.ac6.mcu.externaltools.arm-none.win32_1.16.0.201807130628/tools/compiler/bin/../lib/gcc/arm-none-eabi/7.2.1/thumb/v7e-m/fpv4-sp/hard\libgcc.a(_aeabi_uldivmod.o)
                              Drivers/STM32F4xx_HAL_Driver/Src/stm32f4xx_hal_rcc.o (__aeabi_uldivmod)
c:/ac6/systemworkbench/plugins/fr.ac6.mcu.externaltools.arm-none.win32_1.16.0.201807130628/tools/compiler/bin/../lib/gcc/arm-none-eabi/7.2.1/thumb/v7e-m/fpv4-sp/hard\libgcc.a(_udivmoddi4.o)
                              c:/ac6/systemworkbench/plugins/fr.ac6.mcu.externaltools.arm-none.win32_1.16.0.201807130628/tools/compiler/bin/../lib/gcc/arm-none-eabi/7.2.1/thumb/v7e-m/fpv4-sp/hard\libgcc.a(_aeabi_uldivmod.o) (__udivmoddi4)
c:/ac6/systemworkbench/plugins/fr.ac6.mcu.externaltools.arm-none.win32_1.16.0.201807130628/tools/compiler/bin/../lib/gcc/arm-none-eabi/7.2.1/thumb/v7e-m/fpv4-sp/hard\libgcc.a(_dvmd_tls.o)
                              c:/ac6/systemworkbench/plugins/fr.ac6.mcu.externaltools.arm-none.win32_1.16.0.201807130628/tools/compiler/bin/../lib/gcc/arm-none-eabi/7.2.1/thumb/v7e-m/fpv4-sp/hard\libgcc.a(_aeabi_uldivmod.o) (__aeabi_ldiv0)
c:/ac6/systemworkbench/plugins/fr.ac6.mcu.externaltools.arm-none.win32_1.16.0.201807130628/tools/compiler/bin/../lib/gcc/arm-none-eabi/7.2.1/../../../../arm-none-eabi/lib/thumb/v7e-m/fpv4-sp/hard\libc_nano.a(lib_a-exit.o)
                              c:/ac6/systemworkbench/plugins/fr.ac6.mcu.externaltools.arm-none.win32_1.16.0.201807130628/tools/compiler/bin/../lib/gcc/arm-none-eabi/7.2.1/../../../../arm-none-eabi/lib/thumb/v7e-m/fpv4-sp/hard/crt0.o (exit)
c:/ac6/systemworkbench/plugins/fr.ac6.mcu.externaltools.arm-none.win32_1.16.0.201807130628/tools/compiler/bin/../lib/gcc/arm-none-eabi/7.2.1/../../../../arm-none-eabi/lib/thumb/v7e-m/fpv4-sp/hard\libc_nano.a(lib_a-impure.o)
                              c:/ac6/systemworkbench/plugins/fr.ac6.mcu.externaltools.arm-none.win32_1.16.0.201807130628/tools/compiler/bin/../lib/gcc/arm-none-eabi/7.2.1/../../../../arm-none-eabi/lib/thumb/v7e-m/fpv4-sp/hard\libc_nano.a(lib_a-exit.o) (_global_impure_ptr)
c:/ac6/systemworkbench/plugins/fr.ac6.mcu.externaltools.arm-none.win32_1.16.0.201807130628/tools/compiler/bin/../lib/gcc/arm-none-eabi/7.2.1/../../../../arm-none-eabi/lib/thumb/v7e-m/fpv4-sp/hard\libc_nano.a(lib_a-init.o)
                              c:/ac6/systemworkbench/plugins/fr.ac6.mcu.externaltools.arm-none.win32_1.16.0.201807130628/tools/compiler/bin/../lib/gcc/arm-none-eabi/7.2.1/../../../../arm-none-eabi/lib/thumb/v7e-m/fpv4-sp/hard/crt0.o (__libc_init_array)
c:/ac6/systemworkbench/plugins/fr.ac6.mcu.externaltools.arm-none.win32_1.16.0.201807130628/tools/compiler/bin/../lib/gcc/arm-none-eabi/7.2.1/../../../../arm-none-eabi/lib/thumb/v7e-m/fpv4-sp/hard\libc_nano.a(lib_a-memcpy-stub.o)
                              Src/ring_buffer.o (memcpy)
c:/ac6/systemworkbench/plugins/fr.ac6.mcu.externaltools.arm-none.win32_1.16.0.201807130628/tools/compiler/bin/../lib/gcc/arm-none-eabi/7.2.1/../../../../arm-none-eabi/lib/thumb/v7e-m/fpv4-sp/hard\libc_nano.a(lib_a-memset.o)
                              c:/ac6/systemworkbench/plugins/fr.ac6.mcu.externaltools.arm-none.win32_1.16.0.201807130628/tools/compiler/bin/../lib/gcc/arm-none-eabi/7.2.1/../../../../arm-none-eabi/lib/thumb/v7e-m/fpv4-sp/hard/crt0.o (memset)
c:/ac6/systemworkbench/plugins/fr.ac6.mcu.externaltools.arm-none.win32_1.16.0.201807130628/tools/compiler/bin/../lib/gcc/arm-none-eabi/7.2.1/../../../../arm-none-eabi/lib/thumb/v7e-m/fpv4-sp/hard\libnosys.a(_exit.o)
                              c:/ac6/systemworkbench/plugins/fr.ac6.mcu.externaltools.arm-none.win32_1.16.0.201807130628/tools/compiler/bin/../lib/gcc/arm-none-eabi/7.2.1/../../../../arm-none-eabi/lib/thumb/v7e-m/fpv4-sp/hard\libc_nano.a(lib_a-exit.o) (_exit)

Allocating common symbols
Common symbol       size              file

spi2                0x58              Src/Gen2_init.o
uart1               0x40              Src/G5Datagrams.o
uwTick              0x4               Drivers/STM32F4xx_HAL_Driver/Src/stm32f4xx_hal.o
G5RotationDatagram  0xc               Src/G5Datagrams.o
pFlash              0x20              Drivers/STM32F4xx_HAL_Driver/Src/stm32f4xx_hal_flash.o
G5StatusDatagram    0x10              Src/G5Datagrams.o
dac                 0x14              Src/Gen3_init.o
spi1                0x58              Src/Gen5_init.o
G5AKDatagram        0xc               Src/G5Datagrams.o

Discarded input sections

 .text          0x00000000        0x0 c:/ac6/systemworkbench/plugins/fr.ac6.mcu.externaltools.arm-none.win32_1.16.0.201807130628/tools/compiler/bin/../lib/gcc/arm-none-eabi/7.2.1/thumb/v7e-m/fpv4-sp/hard/crti.o
 .data          0x00000000        0x0 c:/ac6/systemworkbench/plugins/fr.ac6.mcu.externaltools.arm-none.win32_1.16.0.201807130628/tools/compiler/bin/../lib/gcc/arm-none-eabi/7.2.1/thumb/v7e-m/fpv4-sp/hard/crti.o
[...]
Memory Configuration

Name             Origin             Length             Attributes
RAM              0x20000000         0x00008000         xrw
FLASH            0x08000000         0x00020000         xr
*default*        0x00000000         0xffffffff

Linker script and memory map

LOAD c:/ac6/systemworkbench/plugins/fr.ac6.mcu.externaltools.arm-none.win32_1.16.0.201807130628/tools/compiler/bin/../lib/gcc/arm-none-eabi/7.2.1/thumb/v7e-m/fpv4-sp/hard/crti.o
LOAD c:/ac6/systemworkbench/plugins/fr.ac6.mcu.externaltools.arm-none.win32_1.16.0.201807130628/tools/compiler/bin/../lib/gcc/arm-none-eabi/7.2.1/thumb/v7e-m/fpv4-sp/hard/crtbegin.o
LOAD c:/ac6/systemworkbench/plugins/fr.ac6.mcu.externaltools.arm-none.win32_1.16.0.201807130628/tools/compiler/bin/../lib/gcc/arm-none-eabi/7.2.1/../../../../arm-none-eabi/lib/thumb/v7e-m/fpv4-sp/hard/crt0.o
LOAD Drivers/STM32F4xx_HAL_Driver/Src/stm32f4xx_hal.o
LOAD Drivers/STM32F4xx_HAL_Driver/Src/stm32f4xx_hal_cortex.o
LOAD Drivers/STM32F4xx_HAL_Driver/Src/stm32f4xx_hal_dac.o
LOAD Drivers/STM32F4xx_HAL_Driver/Src/stm32f4xx_hal_dac_ex.o
LOAD Drivers/STM32F4xx_HAL_Driver/Src/stm32f4xx_hal_dma.o
LOAD Drivers/STM32F4xx_HAL_Driver/Src/stm32f4xx_hal_dma_ex.o
LOAD Drivers/STM32F4xx_HAL_Driver/Src/stm32f4xx_hal_flash.o
LOAD Drivers/STM32F4xx_HAL_Driver/Src/stm32f4xx_hal_flash_ex.o
LOAD Drivers/STM32F4xx_HAL_Driver/Src/stm32f4xx_hal_flash_ramfunc.o
LOAD Drivers/STM32F4xx_HAL_Driver/Src/stm32f4xx_hal_gpio.o
LOAD Drivers/STM32F4xx_HAL_Driver/Src/stm32f4xx_hal_pwr.o
LOAD Drivers/STM32F4xx_HAL_Driver/Src/stm32f4xx_hal_pwr_ex.o
LOAD Drivers/STM32F4xx_HAL_Driver/Src/stm32f4xx_hal_rcc.o
LOAD Drivers/STM32F4xx_HAL_Driver/Src/stm32f4xx_hal_rcc_ex.o
LOAD Drivers/STM32F4xx_HAL_Driver/Src/stm32f4xx_hal_spi.o
LOAD Drivers/STM32F4xx_HAL_Driver/Src/stm32f4xx_hal_tim.o
LOAD Drivers/STM32F4xx_HAL_Driver/Src/stm32f4xx_hal_tim_ex.o
LOAD Drivers/STM32F4xx_HAL_Driver/Src/stm32f4xx_hal_uart.o
LOAD Src/G5Datagrams.o
LOAD Src/Gen2_init.o
LOAD Src/Gen3_init.o
LOAD Src/Gen5_init.o
LOAD Src/header.o
LOAD Src/init.o
LOAD Src/main2.o
LOAD Src/path.o
LOAD Src/process_packet.o
LOAD Src/ring_buffer.o
LOAD Src/spi_slave.o
LOAD Src/stm32f4xx_hal_msp.o
LOAD Src/stm32f4xx_it.o
LOAD Src/system_stm32f4xx.o
LOAD Src/uart_buffer.o
LOAD Src/uart_isr.o
LOAD startup/startup_stm32f410rx.o
LOAD c:/ac6/systemworkbench/plugins/fr.ac6.mcu.externaltools.arm-none.win32_1.16.0.201807130628/tools/compiler/bin/../lib/gcc/arm-none-eabi/7.2.1/../../../../arm-none-eabi/lib/thumb/v7e-m/fpv4-sp/hard\libm.a
START GROUP
LOAD c:/ac6/systemworkbench/plugins/fr.ac6.mcu.externaltools.arm-none.win32_1.16.0.201807130628/tools/compiler/bin/../lib/gcc/arm-none-eabi/7.2.1/thumb/v7e-m/fpv4-sp/hard\libgcc.a
LOAD c:/ac6/systemworkbench/plugins/fr.ac6.mcu.externaltools.arm-none.win32_1.16.0.201807130628/tools/compiler/bin/../lib/gcc/arm-none-eabi/7.2.1/../../../../arm-none-eabi/lib/thumb/v7e-m/fpv4-sp/hard\libc_nano.a
END GROUP
START GROUP
LOAD c:/ac6/systemworkbench/plugins/fr.ac6.mcu.externaltools.arm-none.win32_1.16.0.201807130628/tools/compiler/bin/../lib/gcc/arm-none-eabi/7.2.1/thumb/v7e-m/fpv4-sp/hard\libgcc.a
LOAD c:/ac6/systemworkbench/plugins/fr.ac6.mcu.externaltools.arm-none.win32_1.16.0.201807130628/tools/compiler/bin/../lib/gcc/arm-none-eabi/7.2.1/../../../../arm-none-eabi/lib/thumb/v7e-m/fpv4-sp/hard\libc_nano.a
LOAD c:/ac6/systemworkbench/plugins/fr.ac6.mcu.externaltools.arm-none.win32_1.16.0.201807130628/tools/compiler/bin/../lib/gcc/arm-none-eabi/7.2.1/../../../../arm-none-eabi/lib/thumb/v7e-m/fpv4-sp/hard\libnosys.a
END GROUP
START GROUP
LOAD c:/ac6/systemworkbench/plugins/fr.ac6.mcu.externaltools.arm-none.win32_1.16.0.201807130628/tools/compiler/bin/../lib/gcc/arm-none-eabi/7.2.1/thumb/v7e-m/fpv4-sp/hard\libgcc.a
LOAD c:/ac6/systemworkbench/plugins/fr.ac6.mcu.externaltools.arm-none.win32_1.16.0.201807130628/tools/compiler/bin/../lib/gcc/arm-none-eabi/7.2.1/../../../../arm-none-eabi/lib/thumb/v7e-m/fpv4-sp/hard\libc_nano.a
LOAD c:/ac6/systemworkbench/plugins/fr.ac6.mcu.externaltools.arm-none.win32_1.16.0.201807130628/tools/compiler/bin/../lib/gcc/arm-none-eabi/7.2.1/../../../../arm-none-eabi/lib/thumb/v7e-m/fpv4-sp/hard\libnosys.a
END GROUP
LOAD c:/ac6/systemworkbench/plugins/fr.ac6.mcu.externaltools.arm-none.win32_1.16.0.201807130628/tools/compiler/bin/../lib/gcc/arm-none-eabi/7.2.1/thumb/v7e-m/fpv4-sp/hard/crtend.o
LOAD c:/ac6/systemworkbench/plugins/fr.ac6.mcu.externaltools.arm-none.win32_1.16.0.201807130628/tools/compiler/bin/../lib/gcc/arm-none-eabi/7.2.1/thumb/v7e-m/fpv4-sp/hard/crtn.o
                0x20008000                _estack = 0x20008000
                0x00000200                _Min_Heap_Size = 0x200
                0x00000400                _Min_Stack_Size = 0x400

.isr_vector     0x08000000      0x1c8
                0x08000000                . = ALIGN (0x4)
 *(.isr_vector)
 .isr_vector    0x08000000      0x1c8 startup/startup_stm32f410rx.o
                0x08000000                g_pfnVectors
                0x080001c8                . = ALIGN (0x4)

.text           0x080001c8     0x1d44
                0x080001c8                . = ALIGN (0x4)
 *(.text)
 .text          0x080001c8       0x40 c:/ac6/systemworkbench/plugins/fr.ac6.mcu.externaltools.arm-none.win32_1.16.0.201807130628/tools/compiler/bin/../lib/gcc/arm-none-eabi/7.2.1/thumb/v7e-m/fpv4-sp/hard/crtbegin.o
 .text          0x08000208       0x30 c:/ac6/systemworkbench/plugins/fr.ac6.mcu.externaltools.arm-none.win32_1.16.0.201807130628/tools/compiler/bin/../lib/gcc/arm-none-eabi/7.2.1/thumb/v7e-m/fpv4-sp/hard\libgcc.a(_aeabi_uldivmod.o)
                0x08000208                __aeabi_uldivmod
 .text          0x08000238      0x2cc c:/ac6/systemworkbench/plugins/fr.ac6.mcu.externaltools.arm-none.win32_1.16.0.201807130628/tools/compiler/bin/../lib/gcc/arm-none-eabi/7.2.1/thumb/v7e-m/fpv4-sp/hard\libgcc.a(_udivmoddi4.o)
                0x08000238                __udivmoddi4
 .text          0x08000504        0x4 c:/ac6/systemworkbench/plugins/fr.ac6.mcu.externaltools.arm-none.win32_1.16.0.201807130628/tools/compiler/bin/../lib/gcc/arm-none-eabi/7.2.1/thumb/v7e-m/fpv4-sp/hard\libgcc.a(_dvmd_tls.o)
                0x08000504                __aeabi_idiv0
                0x08000504                __aeabi_ldiv0
 *(.text*)
 .text.HAL_InitTick
                0x08000508       0x48 Drivers/STM32F4xx_HAL_Driver/Src/stm32f4xx_hal.o
                0x08000508                HAL_InitTick
 .text.HAL_Init
                0x08000550       0x34 Drivers/STM32F4xx_HAL_Driver/Src/stm32f4xx_hal.o
                0x08000550                HAL_Init
 .text.HAL_IncTick
                0x08000584       0x18 Drivers/STM32F4xx_HAL_Driver/Src/stm32f4xx_hal.o
                0x08000584                HAL_IncTick
 .text.HAL_GetTick
                0x0800059c        0xc Drivers/STM32F4xx_HAL_Driver/Src/stm32f4xx_hal.o
                0x0800059c                HAL_GetTick
 .text.HAL_NVIC_SetPriorityGrouping
                0x080005a8       0x24 Drivers/STM32F4xx_HAL_Driver/Src/stm32f4xx_hal_cortex.o
                0x080005a8                HAL_NVIC_SetPriorityGrouping
 .text.HAL_NVIC_SetPriority
                0x080005cc       0x68 Drivers/STM32F4xx_HAL_Driver/Src/stm32f4xx_hal_cortex.o
                0x080005cc                HAL_NVIC_SetPriority
 .text.HAL_NVIC_EnableIRQ
                0x08000634       0x18 Drivers/STM32F4xx_HAL_Driver/Src/stm32f4xx_hal_cortex.o
                0x08000634                HAL_NVIC_EnableIRQ
 .text.HAL_SYSTICK_Config
                0x0800064c       0x2c Drivers/STM32F4xx_HAL_Driver/Src/stm32f4xx_hal_cortex.o
                0x0800064c                HAL_SYSTICK_Config
 .text.HAL_SYSTICK_CLKSourceConfig
                0x08000678       0x20 Drivers/STM32F4xx_HAL_Driver/Src/stm32f4xx_hal_cortex.o
                0x08000678                HAL_SYSTICK_CLKSourceConfig
 .text.HAL_SYSTICK_Callback
                0x08000698        0x2 Drivers/STM32F4xx_HAL_Driver/Src/stm32f4xx_hal_cortex.o
                0x08000698                HAL_SYSTICK_Callback
 .text.HAL_SYSTICK_IRQHandler
                0x0800069a        0x8 Drivers/STM32F4xx_HAL_Driver/Src/stm32f4xx_hal_cortex.o
                0x0800069a                HAL_SYSTICK_IRQHandler
 .text.HAL_DMA_Abort_IT
                0x080006a2       0x26 Drivers/STM32F4xx_HAL_Driver/Src/stm32f4xx_hal_dma.o
                0x080006a2                HAL_DMA_Abort_IT
 .text.HAL_GPIO_Init
                0x080006c8      0x190 Drivers/STM32F4xx_HAL_Driver/Src/stm32f4xx_hal_gpio.o
                0x080006c8                HAL_GPIO_Init
 .text.HAL_GPIO_WritePin
                0x08000858        0xc Drivers/STM32F4xx_HAL_Driver/Src/stm32f4xx_hal_gpio.o
                0x08000858                HAL_GPIO_WritePin
 .text.HAL_GPIO_EXTI_Callback
                0x08000864        0x2 Drivers/STM32F4xx_HAL_Driver/Src/stm32f4xx_hal_gpio.o
                0x08000864                HAL_GPIO_EXTI_Callback
 *fill*         0x08000866        0x2 
 .text.HAL_GPIO_EXTI_IRQHandler
                0x08000868       0x1c Drivers/STM32F4xx_HAL_Driver/Src/stm32f4xx_hal_gpio.o
                0x08000868                HAL_GPIO_EXTI_IRQHandler
 .text.HAL_RCC_GetSysClockFreq
                0x08000884       0xd8 Drivers/STM32F4xx_HAL_Driver/Src/stm32f4xx_hal_rcc.o
                0x08000884                HAL_RCC_GetSysClockFreq
 .text.HAL_RCC_ClockConfig
                0x0800095c      0x158 Drivers/STM32F4xx_HAL_Driver/Src/stm32f4xx_hal_rcc.o
                0x0800095c                HAL_RCC_ClockConfig
 .text.HAL_RCC_GetHCLKFreq
                0x08000ab4        0xc Drivers/STM32F4xx_HAL_Driver/Src/stm32f4xx_hal_rcc.o
                0x08000ab4                HAL_RCC_GetHCLKFreq
 .text.HAL_RCC_GetPCLK1Freq
                0x08000ac0       0x20 Drivers/STM32F4xx_HAL_Driver/Src/stm32f4xx_hal_rcc.o
                0x08000ac0                HAL_RCC_GetPCLK1Freq
 .text.HAL_RCC_GetPCLK2Freq
                0x08000ae0       0x20 Drivers/STM32F4xx_HAL_Driver/Src/stm32f4xx_hal_rcc.o
                0x08000ae0                HAL_RCC_GetPCLK2Freq
 .text.HAL_RCC_OscConfig
                0x08000b00      0x390 Drivers/STM32F4xx_HAL_Driver/Src/stm32f4xx_hal_rcc_ex.o
                0x08000b00                HAL_RCC_OscConfig
 .text.HAL_SPI_Init
                0x08000e90       0x80 Drivers/STM32F4xx_HAL_Driver/Src/stm32f4xx_hal_spi.o
                0x08000e90                HAL_SPI_Init
 .text.HAL_SPI_ErrorCallback
                0x08000f10        0x2 Drivers/STM32F4xx_HAL_Driver/Src/stm32f4xx_hal_spi.o
                0x08000f10                HAL_SPI_ErrorCallback
 *fill*         0x08000f12        0x2 
 .text.HAL_SPI_IRQHandler
                0x08000f14      0x108 Drivers/STM32F4xx_HAL_Driver/Src/stm32f4xx_hal_spi.o
                0x08000f14                HAL_SPI_IRQHandler
 .text.SPI_DMAAbortOnError
                0x0800101c       0x10 Drivers/STM32F4xx_HAL_Driver/Src/stm32f4xx_hal_spi.o
 .text.UART_EndRxTransfer
                0x0800102c       0x1c Drivers/STM32F4xx_HAL_Driver/Src/stm32f4xx_hal_uart.o
 .text.UART_Transmit_IT
                0x08001048       0x68 Drivers/STM32F4xx_HAL_Driver/Src/stm32f4xx_hal_uart.o
 .text.UART_SetConfig
                0x080010b0      0x334 Drivers/STM32F4xx_HAL_Driver/Src/stm32f4xx_hal_uart.o
 .text.HAL_UART_Init
                0x080013e4       0x5e Drivers/STM32F4xx_HAL_Driver/Src/stm32f4xx_hal_uart.o
                0x080013e4                HAL_UART_Init
 .text.HAL_UART_Receive_IT
                0x08001442       0x52 Drivers/STM32F4xx_HAL_Driver/Src/stm32f4xx_hal_uart.o
                0x08001442                HAL_UART_Receive_IT
 .text.HAL_UART_TxCpltCallback
                0x08001494        0x2 Drivers/STM32F4xx_HAL_Driver/Src/stm32f4xx_hal_uart.o
                0x08001494                HAL_UART_TxCpltCallback
 .text.UART_EndTransmit_IT
                0x08001496       0x1a Drivers/STM32F4xx_HAL_Driver/Src/stm32f4xx_hal_uart.o
 .text.UART_Receive_IT
                0x080014b0       0x92 Drivers/STM32F4xx_HAL_Driver/Src/stm32f4xx_hal_uart.o
 .text.HAL_UART_ErrorCallback
                0x08001542        0x2 Drivers/STM32F4xx_HAL_Driver/Src/stm32f4xx_hal_uart.o
                0x08001542                HAL_UART_ErrorCallback
 .text.HAL_UART_IRQHandler
                0x08001544      0x120 Drivers/STM32F4xx_HAL_Driver/Src/stm32f4xx_hal_uart.o
                0x08001544                HAL_UART_IRQHandler
 .text.UART_DMAAbortOnError
                0x08001664       0x10 Drivers/STM32F4xx_HAL_Driver/Src/stm32f4xx_hal_uart.o
 .text.gen2_GPIOs_init
                0x08001674       0x88 Src/Gen2_init.o
                0x08001674                gen2_GPIOs_init
 .text.SPI1_Init
                0x080016fc       0x40 Src/Gen5_init.o
                0x080016fc                SPI1_Init
 .text.MX_GPIO_Init
                0x0800173c      0x138 Src/init.o
                0x0800173c                MX_GPIO_Init
 .text._Error_Handler
                0x08001874        0x2 Src/init.o
                0x08001874                _Error_Handler
 *fill*         0x08001876        0x2 
 .text.SystemClock_Config
                0x08001878       0xac Src/init.o
                0x08001878                SystemClock_Config
 .text.MX_USART1_UART_Init
                0x08001924       0x3c Src/init.o
                0x08001924                MX_USART1_UART_Init
 .text.main     0x08001960       0x40 Src/main2.o
                0x08001960                main
 .text.path_init
                0x080019a0        0xc Src/path.o
                0x080019a0                path_init
 .text.ring_buffer_clear
                0x080019ac       0x10 Src/ring_buffer.o
                0x080019ac                ring_buffer_clear
 .text.ring_buffer_is_full
                0x080019bc       0x24 Src/ring_buffer.o
                0x080019bc                ring_buffer_is_full
 .text.ring_buffer_queue
                0x080019e0       0x50 Src/ring_buffer.o
                0x080019e0                ring_buffer_queue
 .text.HAL_MspInit
                0x08001a30       0x94 Src/stm32f4xx_hal_msp.o
                0x08001a30                HAL_MspInit
 .text.HAL_SPI_MspInit
                0x08001ac4       0xc8 Src/stm32f4xx_hal_msp.o
                0x08001ac4                HAL_SPI_MspInit
 .text.HAL_UART_MspInit
                0x08001b8c       0x64 Src/stm32f4xx_hal_msp.o
                0x08001b8c                HAL_UART_MspInit
 .text.NMI_Handler
                0x08001bf0        0x2 Src/stm32f4xx_it.o
                0x08001bf0                NMI_Handler
 .text.HardFault_Handler
                0x08001bf2        0x2 Src/stm32f4xx_it.o
                0x08001bf2                HardFault_Handler
 .text.MemManage_Handler
                0x08001bf4        0x2 Src/stm32f4xx_it.o
                0x08001bf4                MemManage_Handler
 .text.BusFault_Handler
                0x08001bf6        0x2 Src/stm32f4xx_it.o
                0x08001bf6                BusFault_Handler
 .text.UsageFault_Handler
                0x08001bf8        0x2 Src/stm32f4xx_it.o
                0x08001bf8                UsageFault_Handler
 .text.SVC_Handler
                0x08001bfa        0x2 Src/stm32f4xx_it.o
                0x08001bfa                SVC_Handler
 .text.DebugMon_Handler
                0x08001bfc        0x2 Src/stm32f4xx_it.o
                0x08001bfc                DebugMon_Handler
 .text.PendSV_Handler
                0x08001bfe        0x2 Src/stm32f4xx_it.o
                0x08001bfe                PendSV_Handler
 .text.SysTick_Handler
                0x08001c00        0xc Src/stm32f4xx_it.o
                0x08001c00                SysTick_Handler
 .text.EXTI0_IRQHandler
                0x08001c0c        0xa Src/stm32f4xx_it.o
                0x08001c0c                EXTI0_IRQHandler
 .text.EXTI1_IRQHandler
                0x08001c16        0xa Src/stm32f4xx_it.o
                0x08001c16                EXTI1_IRQHandler
 .text.EXTI4_IRQHandler
                0x08001c20        0xa Src/stm32f4xx_it.o
                0x08001c20                EXTI4_IRQHandler
 .text.EXTI9_5_IRQHandler
                0x08001c2a        0xa Src/stm32f4xx_it.o
                0x08001c2a                EXTI9_5_IRQHandler
 .text.SPI1_IRQHandler
                0x08001c34       0x10 Src/stm32f4xx_it.o
                0x08001c34                SPI1_IRQHandler
 .text.SPI2_IRQHandler
                0x08001c44       0x10 Src/stm32f4xx_it.o
                0x08001c44                SPI2_IRQHandler
 .text.USART1_IRQHandler
                0x08001c54       0x10 Src/stm32f4xx_it.o
                0x08001c54                USART1_IRQHandler
 .text.SystemInit
                0x08001c64       0x4c Src/system_stm32f4xx.o
                0x08001c64                SystemInit
 .text.uart_rxBuffer_init
                0x08001cb0       0x24 Src/uart_buffer.o
                0x08001cb0                uart_rxBuffer_init
 .text.uart_rxBuffer_get
                0x08001cd4        0x8 Src/uart_buffer.o
                0x08001cd4                uart_rxBuffer_get
 .text.uart_rxBuffer_update
                0x08001cdc       0x18 Src/uart_buffer.o
                0x08001cdc                uart_rxBuffer_update
 .text.uart_rxBuffer_size_byte_set
                0x08001cf4        0xc Src/uart_buffer.o
                0x08001cf4                uart_rxBuffer_size_byte_set
 .text.uart_rxBuffer_crc_byte_set
                0x08001d00        0xc Src/uart_buffer.o
                0x08001d00                uart_rxBuffer_crc_byte_set
 .text.uart_rxBuffer_index_reset
                0x08001d0c       0x10 Src/uart_buffer.o
                0x08001d0c                uart_rxBuffer_index_reset
 .text.uart_data_transfer_status_set
                0x08001d1c        0xc Src/uart_buffer.o
                0x08001d1c                uart_data_transfer_status_set
 .text.uart_data_transfer_status_get
                0x08001d28        0xc Src/uart_buffer.o
                0x08001d28                uart_data_transfer_status_get
 .text.packetBuffer_reset
                0x08001d34       0x12 Src/uart_buffer.o
                0x08001d34                packetBuffer_reset
 *fill*         0x08001d46        0x2 
 .text.rx_buffer_crc_calculation
                0x08001d48       0x24 Src/uart_buffer.o
                0x08001d48                rx_buffer_crc_calculation
 .text.process_rx_data
                0x08001d6c       0x88 Src/uart_buffer.o
                0x08001d6c                process_rx_data
 .text.uart_isr_init
                0x08001df4       0x18 Src/uart_isr.o
                0x08001df4                uart_isr_init
 .text.HAL_UART_RxCpltCallback
                0x08001e0c       0x34 Src/uart_isr.o
                0x08001e0c                HAL_UART_RxCpltCallback
 .text.Reset_Handler
                0x08001e40       0x50 startup/startup_stm32f410rx.o
                0x08001e40                Reset_Handler
 .text.Default_Handler
                0x08001e90        0x2 startup/startup_stm32f410rx.o
                0x08001e90                RTC_Alarm_IRQHandler
                0x08001e90                EXTI2_IRQHandler
                0x08001e90                FMPI2C1_EV_IRQHandler
                0x08001e90                TIM1_CC_IRQHandler
                0x08001e90                DMA2_Stream5_IRQHandler
                0x08001e90                DMA1_Stream5_IRQHandler
                0x08001e90                PVD_IRQHandler
                0x08001e90                TAMP_STAMP_IRQHandler
                0x08001e90                EXTI3_IRQHandler
                0x08001e90                I2C2_EV_IRQHandler
                0x08001e90                DMA1_Stream2_IRQHandler
                0x08001e90                FPU_IRQHandler
                0x08001e90                DMA2_Stream2_IRQHandler
                0x08001e90                TIM6_DAC_IRQHandler
                0x08001e90                TIM1_BRK_TIM9_IRQHandler
                0x08001e90                DMA2_Stream3_IRQHandler
                0x08001e90                USART6_IRQHandler
                0x08001e90                DMA2_Stream0_IRQHandler
                0x08001e90                I2C1_EV_IRQHandler
                0x08001e90                DMA1_Stream6_IRQHandler
                0x08001e90                DMA1_Stream1_IRQHandler
                0x08001e90                RCC_IRQHandler
                0x08001e90                Default_Handler
                0x08001e90                EXTI15_10_IRQHandler
                0x08001e90                ADC_IRQHandler
                0x08001e90                DMA1_Stream7_IRQHandler
                0x08001e90                SPI5_IRQHandler
                0x08001e90                TIM5_IRQHandler
                0x08001e90                DMA2_Stream7_IRQHandler
                0x08001e90                RTC_WKUP_IRQHandler
                0x08001e90                DMA1_Stream0_IRQHandler
                0x08001e90                FMPI2C1_ER_IRQHandler
                0x08001e90                RNG_IRQHandler
                0x08001e90                TIM1_UP_IRQHandler
                0x08001e90                WWDG_IRQHandler
                0x08001e90                TIM1_TRG_COM_TIM11_IRQHandler
                0x08001e90                USART2_IRQHandler
                0x08001e90                I2C2_ER_IRQHandler
                0x08001e90                DMA2_Stream1_IRQHandler
                0x08001e90                FLASH_IRQHandler
                0x08001e90                DMA2_Stream4_IRQHandler
                0x08001e90                DMA1_Stream4_IRQHandler
                0x08001e90                I2C1_ER_IRQHandler
                0x08001e90                LPTIM1_IRQHandler
                0x08001e90                DMA2_Stream6_IRQHandler
                0x08001e90                DMA1_Stream3_IRQHandler
 *fill*         0x08001e92        0x2 
 .text.__libc_init_array
                0x08001e94       0x48 c:/ac6/systemworkbench/plugins/fr.ac6.mcu.externaltools.arm-none.win32_1.16.0.201807130628/tools/compiler/bin/../lib/gcc/arm-none-eabi/7.2.1/../../../../arm-none-eabi/lib/thumb/v7e-m/fpv4-sp/hard\libc_nano.a(lib_a-init.o)
                0x08001e94                __libc_init_array
 .text.memcpy   0x08001edc       0x16 c:/ac6/systemworkbench/plugins/fr.ac6.mcu.externaltools.arm-none.win32_1.16.0.201807130628/tools/compiler/bin/../lib/gcc/arm-none-eabi/7.2.1/../../../../arm-none-eabi/lib/thumb/v7e-m/fpv4-sp/hard\libc_nano.a(lib_a-memcpy-stub.o)
                0x08001edc                memcpy
 *(.glue_7)
 .glue_7        0x08001ef2        0x0 linker stubs
 *(.glue_7t)
 .glue_7t       0x08001ef2        0x0 linker stubs
 *(.eh_frame)
 *fill*         0x08001ef2        0x2 
 .eh_frame      0x08001ef4        0x0 c:/ac6/systemworkbench/plugins/fr.ac6.mcu.externaltools.arm-none.win32_1.16.0.201807130628/tools/compiler/bin/../lib/gcc/arm-none-eabi/7.2.1/thumb/v7e-m/fpv4-sp/hard/crtbegin.o
 *(.init)
 .init          0x08001ef4        0x4 c:/ac6/systemworkbench/plugins/fr.ac6.mcu.externaltools.arm-none.win32_1.16.0.201807130628/tools/compiler/bin/../lib/gcc/arm-none-eabi/7.2.1/thumb/v7e-m/fpv4-sp/hard/crti.o
                0x08001ef4                _init
 .init          0x08001ef8        0x8 c:/ac6/systemworkbench/plugins/fr.ac6.mcu.externaltools.arm-none.win32_1.16.0.201807130628/tools/compiler/bin/../lib/gcc/arm-none-eabi/7.2.1/thumb/v7e-m/fpv4-sp/hard/crtn.o
 *(.fini)
 .fini          0x08001f00        0x4 c:/ac6/systemworkbench/plugins/fr.ac6.mcu.externaltools.arm-none.win32_1.16.0.201807130628/tools/compiler/bin/../lib/gcc/arm-none-eabi/7.2.1/thumb/v7e-m/fpv4-sp/hard/crti.o
                0x08001f00                _fini
 .fini          0x08001f04        0x8 c:/ac6/systemworkbench/plugins/fr.ac6.mcu.externaltools.arm-none.win32_1.16.0.201807130628/tools/compiler/bin/../lib/gcc/arm-none-eabi/7.2.1/thumb/v7e-m/fpv4-sp/hard/crtn.o
                0x08001f0c                . = ALIGN (0x4)
                0x08001f0c                _etext = .

.vfp11_veneer   0x08001f0c        0x0
 .vfp11_veneer  0x08001f0c        0x0 linker stubs

.v4_bx          0x08001f0c        0x0
 .v4_bx         0x08001f0c        0x0 linker stubs

.iplt           0x08001f0c        0x0
 .iplt          0x08001f0c        0x0 c:/ac6/systemworkbench/plugins/fr.ac6.mcu.externaltools.arm-none.win32_1.16.0.201807130628/tools/compiler/bin/../lib/gcc/arm-none-eabi/7.2.1/thumb/v7e-m/fpv4-sp/hard/crtbegin.o

.rodata         0x08001f0c       0x3c
                0x08001f0c                . = ALIGN (0x4)
 *(.rodata)
 .rodata        0x08001f0c       0x18 Src/system_stm32f4xx.o
                0x08001f0c                AHBPrescTable
                0x08001f1c                APBPrescTable
 *(.rodata*)
 .rodata.str1.4
                0x08001f24       0x13 Src/Gen5_init.o
 *fill*         0x08001f37        0x1 
 .rodata.str1.4
                0x08001f38       0x10 Src/init.o
                                  0xe (size before relaxing)
                0x08001f48                . = ALIGN (0x4)

.ARM.extab
 *(.ARM.extab* .gnu.linkonce.armextab.*)

.ARM            0x08001f48        0x8
                0x08001f48                __exidx_start = .
 *(.ARM.exidx*)
 .ARM.exidx     0x08001f48        0x8 c:/ac6/systemworkbench/plugins/fr.ac6.mcu.externaltools.arm-none.win32_1.16.0.201807130628/tools/compiler/bin/../lib/gcc/arm-none-eabi/7.2.1/thumb/v7e-m/fpv4-sp/hard\libgcc.a(_udivmoddi4.o)
                0x08001f50                __exidx_end = .

.rel.dyn        0x08001f50        0x0
 .rel.iplt      0x08001f50        0x0 c:/ac6/systemworkbench/plugins/fr.ac6.mcu.externaltools.arm-none.win32_1.16.0.201807130628/tools/compiler/bin/../lib/gcc/arm-none-eabi/7.2.1/thumb/v7e-m/fpv4-sp/hard/crtbegin.o

.preinit_array  0x08001f50        0x0
                0x08001f50                PROVIDE (__preinit_array_start, .)
 *(.preinit_array*)
                0x08001f50                PROVIDE (__preinit_array_end, .)

.init_array     0x08001f50        0x4
                0x08001f50                PROVIDE (__init_array_start, .)
 *(SORT_BY_NAME(.init_array.*))
 *(.init_array*)
 .init_array    0x08001f50        0x4 c:/ac6/systemworkbench/plugins/fr.ac6.mcu.externaltools.arm-none.win32_1.16.0.201807130628/tools/compiler/bin/../lib/gcc/arm-none-eabi/7.2.1/thumb/v7e-m/fpv4-sp/hard/crtbegin.o
                0x08001f54                PROVIDE (__init_array_end, .)

.fini_array     0x08001f54        0x4
                [!provide]                PROVIDE (__fini_array_start, .)
 *(SORT_BY_NAME(.fini_array.*))
 *(.fini_array*)
 .fini_array    0x08001f54        0x4 c:/ac6/systemworkbench/plugins/fr.ac6.mcu.externaltools.arm-none.win32_1.16.0.201807130628/tools/compiler/bin/../lib/gcc/arm-none-eabi/7.2.1/thumb/v7e-m/fpv4-sp/hard/crtbegin.o
                [!provide]                PROVIDE (__fini_array_end, .)
                0x08001f58                _sidata = LOADADDR (.data)

.data           0x20000000        0xc load address 0x08001f58
                0x20000000                . = ALIGN (0x4)
                0x20000000                _sdata = .
 *(.data)
 .data          0x20000000        0x8 Drivers/STM32F4xx_HAL_Driver/Src/stm32f4xx_hal.o
                0x20000000                uwTickFreq
                0x20000004                uwTickPrio
 .data          0x20000008        0x4 Src/system_stm32f4xx.o
                0x20000008                SystemCoreClock
 *(.data*)
                0x2000000c                . = ALIGN (0x4)
                0x2000000c                _edata = .

.igot.plt       0x2000000c        0x0 load address 0x08001f64
 .igot.plt      0x2000000c        0x0 c:/ac6/systemworkbench/plugins/fr.ac6.mcu.externaltools.arm-none.win32_1.16.0.201807130628/tools/compiler/bin/../lib/gcc/arm-none-eabi/7.2.1/thumb/v7e-m/fpv4-sp/hard/crtbegin.o
                0x2000000c                . = ALIGN (0x4)

.bss            0x2000000c      0x398 load address 0x08001f64
                0x2000000c                _sbss = .
                0x2000000c                __bss_start__ = _sbss
 *(.bss)
 .bss           0x2000000c       0x1c c:/ac6/systemworkbench/plugins/fr.ac6.mcu.externaltools.arm-none.win32_1.16.0.201807130628/tools/compiler/bin/../lib/gcc/arm-none-eabi/7.2.1/thumb/v7e-m/fpv4-sp/hard/crtbegin.o
 .bss           0x20000028        0x1 Src/path.o
 *fill*         0x20000029        0x3 
 .bss           0x2000002c      0x212 Src/ring_buffer.o
 *fill*         0x2000023e        0x2 
 .bss           0x20000240       0x47 Src/uart_buffer.o
 .bss           0x20000287        0x1 Src/uart_isr.o
 *(.bss*)
 *(COMMON)
 COMMON         0x20000288        0x4 Drivers/STM32F4xx_HAL_Driver/Src/stm32f4xx_hal.o
                0x20000288                uwTick
 COMMON         0x2000028c       0x68 Src/G5Datagrams.o
                0x2000028c                uart1
                0x200002cc                G5RotationDatagram
                0x200002d8                G5StatusDatagram
                0x200002e8                G5AKDatagram
 COMMON         0x200002f4       0x58 Src/Gen2_init.o
                0x200002f4                spi2
 COMMON         0x2000034c       0x58 Src/Gen5_init.o
                0x2000034c                spi1
                0x200003a4                . = ALIGN (0x4)
                0x200003a4                _ebss = .
                0x200003a4                __bss_end__ = _ebss

._user_heap_stack
                0x200003a4      0x604 load address 0x08001f64
                0x200003a8                . = ALIGN (0x8)
 *fill*         0x200003a4        0x4 
                [!provide]                PROVIDE (end, .)
                [!provide]                PROVIDE (_end, .)
                0x200005a8                . = (. + _Min_Heap_Size)
 *fill*         0x200003a8      0x200 
                0x200009a8                . = (. + _Min_Stack_Size)
 *fill*         0x200005a8      0x400 
                0x200009a8                . = ALIGN (0x8)

/DISCARD/
 libc.a(*)
 libm.a(*)
 libgcc.a(*)

.ARM.attributes
                0x00000000       0x30
 *(.ARM.attributes)
 .ARM.attributes
                0x00000000       0x22 c:/ac6/systemworkbench/plugins/fr.ac6.mcu.externaltools.arm-none.win32_1.16.0.201807130628/tools/compiler/bin/../lib/gcc/arm-none-eabi/7.2.1/thumb/v7e-m/fpv4-sp/hard/crti.o
 .ARM.attributes
                0x00000022       0x34 c:/ac6/systemworkbench/plugins/fr.ac6.mcu.externaltools.arm-none.win32_1.16.0.201807130628/tools/compiler/bin/../lib/gcc/arm-none-eabi/7.2.1/thumb/v7e-m/fpv4-sp/hard/crtbegin.o
 .ARM.attributes
                0x00000056       0x39 Drivers/STM32F4xx_HAL_Driver/Src/stm32f4xx_hal.o
 .ARM.attributes
                0x0000008f       0x39 Drivers/STM32F4xx_HAL_Driver/Src/stm32f4xx_hal_cortex.o
 .ARM.attributes
                0x000000c8       0x39 Drivers/STM32F4xx_HAL_Driver/Src/stm32f4xx_hal_dma.o
 .ARM.attributes
                0x00000101       0x39 Drivers/STM32F4xx_HAL_Driver/Src/stm32f4xx_hal_gpio.o
 .ARM.attributes
                0x0000013a       0x39 Drivers/STM32F4xx_HAL_Driver/Src/stm32f4xx_hal_rcc.o
 .ARM.attributes
                0x00000173       0x39 Drivers/STM32F4xx_HAL_Driver/Src/stm32f4xx_hal_rcc_ex.o
 .ARM.attributes
                0x000001ac       0x39 Drivers/STM32F4xx_HAL_Driver/Src/stm32f4xx_hal_spi.o
 .ARM.attributes
                0x000001e5       0x39 Drivers/STM32F4xx_HAL_Driver/Src/stm32f4xx_hal_uart.o
 .ARM.attributes
                0x0000021e       0x39 Src/G5Datagrams.o
 .ARM.attributes
                0x00000257       0x39 Src/Gen2_init.o
 .ARM.attributes
                0x00000290       0x39 Src/Gen5_init.o
 .ARM.attributes
                0x000002c9       0x39 Src/init.o
 .ARM.attributes
                0x00000302       0x39 Src/main2.o
 .ARM.attributes
                0x0000033b       0x39 Src/path.o
 .ARM.attributes
                0x00000374       0x39 Src/ring_buffer.o
 .ARM.attributes
                0x000003ad       0x39 Src/stm32f4xx_hal_msp.o
 .ARM.attributes
                0x000003e6       0x39 Src/stm32f4xx_it.o
 .ARM.attributes
                0x0000041f       0x39 Src/system_stm32f4xx.o
 .ARM.attributes
                0x00000458       0x39 Src/uart_buffer.o
 .ARM.attributes
                0x00000491       0x39 Src/uart_isr.o
 .ARM.attributes
                0x000004ca       0x21 startup/startup_stm32f410rx.o
 .ARM.attributes
                0x000004eb       0x22 c:/ac6/systemworkbench/plugins/fr.ac6.mcu.externaltools.arm-none.win32_1.16.0.201807130628/tools/compiler/bin/../lib/gcc/arm-none-eabi/7.2.1/thumb/v7e-m/fpv4-sp/hard\libgcc.a(_aeabi_uldivmod.o)
 .ARM.attributes
                0x0000050d       0x34 c:/ac6/systemworkbench/plugins/fr.ac6.mcu.externaltools.arm-none.win32_1.16.0.201807130628/tools/compiler/bin/../lib/gcc/arm-none-eabi/7.2.1/thumb/v7e-m/fpv4-sp/hard\libgcc.a(_udivmoddi4.o)
 .ARM.attributes
                0x00000541       0x22 c:/ac6/systemworkbench/plugins/fr.ac6.mcu.externaltools.arm-none.win32_1.16.0.201807130628/tools/compiler/bin/../lib/gcc/arm-none-eabi/7.2.1/thumb/v7e-m/fpv4-sp/hard\libgcc.a(_dvmd_tls.o)
 .ARM.attributes
                0x00000563       0x34 c:/ac6/systemworkbench/plugins/fr.ac6.mcu.externaltools.arm-none.win32_1.16.0.201807130628/tools/compiler/bin/../lib/gcc/arm-none-eabi/7.2.1/../../../../arm-none-eabi/lib/thumb/v7e-m/fpv4-sp/hard\libc_nano.a(lib_a-init.o)
 .ARM.attributes
                0x00000597       0x34 c:/ac6/systemworkbench/plugins/fr.ac6.mcu.externaltools.arm-none.win32_1.16.0.201807130628/tools/compiler/bin/../lib/gcc/arm-none-eabi/7.2.1/../../../../arm-none-eabi/lib/thumb/v7e-m/fpv4-sp/hard\libc_nano.a(lib_a-memcpy-stub.o)
 .ARM.attributes
                0x000005cb       0x22 c:/ac6/systemworkbench/plugins/fr.ac6.mcu.externaltools.arm-none.win32_1.16.0.201807130628/tools/compiler/bin/../lib/gcc/arm-none-eabi/7.2.1/thumb/v7e-m/fpv4-sp/hard/crtn.o
OUTPUT(e_GES.elf elf32-littlearm)

.debug_info     0x00000000    0x16fb8
 .debug_info    0x00000000     0x110e Drivers/STM32F4xx_HAL_Driver/Src/stm32f4xx_hal.o
 .debug_info    0x0000110e     0x16a7 Drivers/STM32F4xx_HAL_Driver/Src/stm32f4xx_hal_cortex.o
 .debug_info    0x000027b5     0x1274 Drivers/STM32F4xx_HAL_Driver/Src/stm32f4xx_hal_dma.o
 .debug_info    0x00003a29      0xf96 Drivers/STM32F4xx_HAL_Driver/Src/stm32f4xx_hal_gpio.o
 .debug_info    0x000049bf     0x1250 Drivers/STM32F4xx_HAL_Driver/Src/stm32f4xx_hal_rcc.o
 .debug_info    0x00005c0f     0x1002 Drivers/STM32F4xx_HAL_Driver/Src/stm32f4xx_hal_rcc_ex.o
 .debug_info    0x00006c11     0x2200 Drivers/STM32F4xx_HAL_Driver/Src/stm32f4xx_hal_spi.o
 .debug_info    0x00008e11     0x1f13 Drivers/STM32F4xx_HAL_Driver/Src/stm32f4xx_hal_uart.o
 .debug_info    0x0000ad24      0xf68 Src/G5Datagrams.o
 .debug_info    0x0000bc8c     0x15a2 Src/Gen2_init.o
 .debug_info    0x0000d22e     0x1233 Src/Gen5_init.o
 .debug_info    0x0000e461     0x16e4 Src/init.o
 .debug_info    0x0000fb45     0x1323 Src/main2.o
 .debug_info    0x00010e68     0x1363 Src/path.o
 .debug_info    0x000121cb      0x244 Src/ring_buffer.o
 .debug_info    0x0001240f     0x1a2a Src/stm32f4xx_hal_msp.o
 .debug_info    0x00013e39     0x11f5 Src/stm32f4xx_it.o
 .debug_info    0x0001502e      0xd12 Src/system_stm32f4xx.o
 .debug_info    0x00015d40      0x3cc Src/uart_buffer.o
 .debug_info    0x0001610c      0xe8a Src/uart_isr.o
 .debug_info    0x00016f96       0x22 startup/startup_stm32f410rx.o

.debug_abbrev   0x00000000     0x32cf
 .debug_abbrev  0x00000000      0x2e5 Drivers/STM32F4xx_HAL_Driver/Src/stm32f4xx_hal.o
 .debug_abbrev  0x000002e5      0x3d6 Drivers/STM32F4xx_HAL_Driver/Src/stm32f4xx_hal_cortex.o
 .debug_abbrev  0x000006bb      0x31b Drivers/STM32F4xx_HAL_Driver/Src/stm32f4xx_hal_dma.o
 .debug_abbrev  0x000009d6      0x2a7 Drivers/STM32F4xx_HAL_Driver/Src/stm32f4xx_hal_gpio.o
 .debug_abbrev  0x00000c7d      0x333 Drivers/STM32F4xx_HAL_Driver/Src/stm32f4xx_hal_rcc.o
 .debug_abbrev  0x00000fb0      0x284 Drivers/STM32F4xx_HAL_Driver/Src/stm32f4xx_hal_rcc_ex.o
 .debug_abbrev  0x00001234      0x2f2 Drivers/STM32F4xx_HAL_Driver/Src/stm32f4xx_hal_spi.o
 .debug_abbrev  0x00001526      0x344 Drivers/STM32F4xx_HAL_Driver/Src/stm32f4xx_hal_uart.o
 .debug_abbrev  0x0000186a      0x20d Src/G5Datagrams.o
 .debug_abbrev  0x00001a77      0x256 Src/Gen2_init.o
 .debug_abbrev  0x00001ccd      0x24d Src/Gen5_init.o
 .debug_abbrev  0x00001f1a      0x270 Src/init.o
 .debug_abbrev  0x0000218a      0x233 Src/main2.o
 .debug_abbrev  0x000023bd      0x2b7 Src/path.o
 .debug_abbrev  0x00002674      0x14f Src/ring_buffer.o
 .debug_abbrev  0x000027c3      0x28c Src/stm32f4xx_hal_msp.o
 .debug_abbrev  0x00002a4f      0x263 Src/stm32f4xx_it.o
 .debug_abbrev  0x00002cb2      0x205 Src/system_stm32f4xx.o
 .debug_abbrev  0x00002eb7      0x1aa Src/uart_buffer.o
 .debug_abbrev  0x00003061      0x25c Src/uart_isr.o
 .debug_abbrev  0x000032bd       0x12 startup/startup_stm32f410rx.o

.debug_loc      0x00000000     0x55c9
 .debug_loc     0x00000000       0xfd Drivers/STM32F4xx_HAL_Driver/Src/stm32f4xx_hal.o
 .debug_loc     0x000000fd      0x5ce Drivers/STM32F4xx_HAL_Driver/Src/stm32f4xx_hal_cortex.o
 .debug_loc     0x000006cb      0xb4e Drivers/STM32F4xx_HAL_Driver/Src/stm32f4xx_hal_dma.o
 .debug_loc     0x00001219      0x471 Drivers/STM32F4xx_HAL_Driver/Src/stm32f4xx_hal_gpio.o
 .debug_loc     0x0000168a      0x3f1 Drivers/STM32F4xx_HAL_Driver/Src/stm32f4xx_hal_rcc.o
 .debug_loc     0x00001a7b      0x45a Drivers/STM32F4xx_HAL_Driver/Src/stm32f4xx_hal_rcc_ex.o
 .debug_loc     0x00001ed5     0x1937 Drivers/STM32F4xx_HAL_Driver/Src/stm32f4xx_hal_spi.o
 .debug_loc     0x0000380c     0x158b Drivers/STM32F4xx_HAL_Driver/Src/stm32f4xx_hal_uart.o
 .debug_loc     0x00004d97      0x104 Src/G5Datagrams.o
 .debug_loc     0x00004e9b       0x1e Src/main2.o
 .debug_loc     0x00004eb9      0x1ba Src/path.o
 .debug_loc     0x00005073       0x9d Src/ring_buffer.o
 .debug_loc     0x00005110      0x15c Src/stm32f4xx_hal_msp.o
 .debug_loc     0x0000526c      0x13e Src/system_stm32f4xx.o
 .debug_loc     0x000053aa      0x1e5 Src/uart_buffer.o
 .debug_loc     0x0000558f       0x3a Src/uart_isr.o

.debug_aranges  0x00000000      0xa48
 .debug_aranges
                0x00000000       0xe0 Drivers/STM32F4xx_HAL_Driver/Src/stm32f4xx_hal.o
 .debug_aranges
                0x000000e0       0xa8 Drivers/STM32F4xx_HAL_Driver/Src/stm32f4xx_hal_cortex.o
 .debug_aranges
                0x00000188       0x90 Drivers/STM32F4xx_HAL_Driver/Src/stm32f4xx_hal_dma.o
 .debug_aranges
                0x00000218       0x58 Drivers/STM32F4xx_HAL_Driver/Src/stm32f4xx_hal_gpio.o
 .debug_aranges
                0x00000270       0x88 Drivers/STM32F4xx_HAL_Driver/Src/stm32f4xx_hal_rcc.o
 .debug_aranges
                0x000002f8       0x50 Drivers/STM32F4xx_HAL_Driver/Src/stm32f4xx_hal_rcc_ex.o
 .debug_aranges
                0x00000348      0x1c8 Drivers/STM32F4xx_HAL_Driver/Src/stm32f4xx_hal_spi.o
 .debug_aranges
                0x00000510      0x1d0 Drivers/STM32F4xx_HAL_Driver/Src/stm32f4xx_hal_uart.o
 .debug_aranges
                0x000006e0       0x20 Src/G5Datagrams.o
 .debug_aranges
                0x00000700       0x48 Src/Gen2_init.o
 .debug_aranges
                0x00000748       0x38 Src/Gen5_init.o
 .debug_aranges
                0x00000780       0x38 Src/init.o
 .debug_aranges
                0x000007b8       0x20 Src/main2.o
 .debug_aranges
                0x000007d8       0x50 Src/path.o
 .debug_aranges
                0x00000828       0x40 Src/ring_buffer.o
 .debug_aranges
                0x00000868       0x50 Src/stm32f4xx_hal_msp.o
 .debug_aranges
                0x000008b8       0x98 Src/stm32f4xx_it.o
 .debug_aranges
                0x00000950       0x28 Src/system_stm32f4xx.o
 .debug_aranges
                0x00000978       0x80 Src/uart_buffer.o
 .debug_aranges
                0x000009f8       0x28 Src/uart_isr.o
 .debug_aranges
                0x00000a20       0x28 startup/startup_stm32f410rx.o

.debug_ranges   0x00000000      0x990
 .debug_ranges  0x00000000       0xd0 Drivers/STM32F4xx_HAL_Driver/Src/stm32f4xx_hal.o
 .debug_ranges  0x000000d0       0xf8 Drivers/STM32F4xx_HAL_Driver/Src/stm32f4xx_hal_cortex.o
 .debug_ranges  0x000001c8       0x80 Drivers/STM32F4xx_HAL_Driver/Src/stm32f4xx_hal_dma.o
 .debug_ranges  0x00000248       0x48 Drivers/STM32F4xx_HAL_Driver/Src/stm32f4xx_hal_gpio.o
 .debug_ranges  0x00000290       0x90 Drivers/STM32F4xx_HAL_Driver/Src/stm32f4xx_hal_rcc.o
 .debug_ranges  0x00000320       0x58 Drivers/STM32F4xx_HAL_Driver/Src/stm32f4xx_hal_rcc_ex.o
 .debug_ranges  0x00000378      0x1b8 Drivers/STM32F4xx_HAL_Driver/Src/stm32f4xx_hal_spi.o
 .debug_ranges  0x00000530      0x1c0 Drivers/STM32F4xx_HAL_Driver/Src/stm32f4xx_hal_uart.o
 .debug_ranges  0x000006f0       0x10 Src/G5Datagrams.o
 .debug_ranges  0x00000700       0x38 Src/Gen2_init.o
 .debug_ranges  0x00000738       0x28 Src/Gen5_init.o
 .debug_ranges  0x00000760       0x28 Src/init.o
 .debug_ranges  0x00000788       0x10 Src/main2.o
 .debug_ranges  0x00000798       0x40 Src/path.o
 .debug_ranges  0x000007d8       0x30 Src/ring_buffer.o
 .debug_ranges  0x00000808       0x40 Src/stm32f4xx_hal_msp.o
 .debug_ranges  0x00000848       0x88 Src/stm32f4xx_it.o
 .debug_ranges  0x000008d0       0x18 Src/system_stm32f4xx.o
 .debug_ranges  0x000008e8       0x70 Src/uart_buffer.o
 .debug_ranges  0x00000958       0x18 Src/uart_isr.o
 .debug_ranges  0x00000970       0x20 startup/startup_stm32f410rx.o

.debug_macro    0x00000000    0x1635c
 .debug_macro   0x00000000      0x390 Drivers/STM32F4xx_HAL_Driver/Src/stm32f4xx_hal.o
 .debug_macro   0x00000390      0xa60 Drivers/STM32F4xx_HAL_Driver/Src/stm32f4xx_hal.o
 .debug_macro   0x00000df0      0x179 Drivers/STM32F4xx_HAL_Driver/Src/stm32f4xx_hal.o
 .debug_macro   0x00000f69      0x186 Drivers/STM32F4xx_HAL_Driver/Src/stm32f4xx_hal.o
 .debug_macro   0x000010ef       0x32 Drivers/STM32F4xx_HAL_Driver/Src/stm32f4xx_hal.o
 .debug_macro   0x00001121       0x28 Drivers/STM32F4xx_HAL_Driver/Src/stm32f4xx_hal.o
 .debug_macro   0x00001149       0x22 Drivers/STM32F4xx_HAL_Driver/Src/stm32f4xx_hal.o
 .debug_macro   0x0000116b       0x87 Drivers/STM32F4xx_HAL_Driver/Src/stm32f4xx_hal.o
 .debug_macro   0x000011f2       0x51 Drivers/STM32F4xx_HAL_Driver/Src/stm32f4xx_hal.o
 .debug_macro   0x00001243       0xef Drivers/STM32F4xx_HAL_Driver/Src/stm32f4xx_hal.o
 .debug_macro   0x00001332       0x6a Drivers/STM32F4xx_HAL_Driver/Src/stm32f4xx_hal.o
 .debug_macro   0x0000139c      0x1df Drivers/STM32F4xx_HAL_Driver/Src/stm32f4xx_hal.o
 .debug_macro   0x0000157b       0x35 Drivers/STM32F4xx_HAL_Driver/Src/stm32f4xx_hal.o
 .debug_macro   0x000015b0       0x50 Drivers/STM32F4xx_HAL_Driver/Src/stm32f4xx_hal.o
 .debug_macro   0x00001600      0xe66 Drivers/STM32F4xx_HAL_Driver/Src/stm32f4xx_hal.o
 .debug_macro   0x00002466     0x9c5e Drivers/STM32F4xx_HAL_Driver/Src/stm32f4xx_hal.o
 .debug_macro   0x0000c0c4       0x43 Drivers/STM32F4xx_HAL_Driver/Src/stm32f4xx_hal.o
 .debug_macro   0x0000c107     0x3535 Drivers/STM32F4xx_HAL_Driver/Src/stm32f4xx_hal.o
 .debug_macro   0x0000f63c       0x58 Drivers/STM32F4xx_HAL_Driver/Src/stm32f4xx_hal.o
 .debug_macro   0x0000f694       0x17 Drivers/STM32F4xx_HAL_Driver/Src/stm32f4xx_hal.o
 .debug_macro   0x0000f6ab       0x35 Drivers/STM32F4xx_HAL_Driver/Src/stm32f4xx_hal.o
 .debug_macro   0x0000f6e0       0x9c Drivers/STM32F4xx_HAL_Driver/Src/stm32f4xx_hal.o
 .debug_macro   0x0000f77c       0x16 Drivers/STM32F4xx_HAL_Driver/Src/stm32f4xx_hal.o
 .debug_macro   0x0000f792       0x97 Drivers/STM32F4xx_HAL_Driver/Src/stm32f4xx_hal.o
 .debug_macro   0x0000f829      0x330 Drivers/STM32F4xx_HAL_Driver/Src/stm32f4xx_hal.o
 .debug_macro   0x0000fb59       0xfd Drivers/STM32F4xx_HAL_Driver/Src/stm32f4xx_hal.o
 .debug_macro   0x0000fc56       0x10 Drivers/STM32F4xx_HAL_Driver/Src/stm32f4xx_hal.o
 .debug_macro   0x0000fc66       0x58 Drivers/STM32F4xx_HAL_Driver/Src/stm32f4xx_hal.o
 .debug_macro   0x0000fcbe       0x1f Drivers/STM32F4xx_HAL_Driver/Src/stm32f4xx_hal.o
 .debug_macro   0x0000fcdd       0x43 Drivers/STM32F4xx_HAL_Driver/Src/stm32f4xx_hal.o
 .debug_macro   0x0000fd20       0x20 Drivers/STM32F4xx_HAL_Driver/Src/stm32f4xx_hal.o
 .debug_macro   0x0000fd40      0x18e Drivers/STM32F4xx_HAL_Driver/Src/stm32f4xx_hal.o
 .debug_macro   0x0000fece       0x10 Drivers/STM32F4xx_HAL_Driver/Src/stm32f4xx_hal.o
 .debug_macro   0x0000fede       0x1c Drivers/STM32F4xx_HAL_Driver/Src/stm32f4xx_hal.o
 .debug_macro   0x0000fefa       0x52 Drivers/STM32F4xx_HAL_Driver/Src/stm32f4xx_hal.o
 .debug_macro   0x0000ff4c       0x40 Drivers/STM32F4xx_HAL_Driver/Src/stm32f4xx_hal.o
 .debug_macro   0x0000ff8c       0x10 Drivers/STM32F4xx_HAL_Driver/Src/stm32f4xx_hal.o
 .debug_macro   0x0000ff9c       0x40 Drivers/STM32F4xx_HAL_Driver/Src/stm32f4xx_hal.o
 .debug_macro   0x0000ffdc       0xd7 Drivers/STM32F4xx_HAL_Driver/Src/stm32f4xx_hal.o
 .debug_macro   0x000100b3       0x1c Drivers/STM32F4xx_HAL_Driver/Src/stm32f4xx_hal.o
 .debug_macro   0x000100cf       0x3d Drivers/STM32F4xx_HAL_Driver/Src/stm32f4xx_hal.o
 .debug_macro   0x0001010c       0x16 Drivers/STM32F4xx_HAL_Driver/Src/stm32f4xx_hal.o
 .debug_macro   0x00010122      0x16f Drivers/STM32F4xx_HAL_Driver/Src/stm32f4xx_hal.o
 .debug_macro   0x00010291       0x50 Drivers/STM32F4xx_HAL_Driver/Src/stm32f4xx_hal.o
 .debug_macro   0x000102e1      0x39f Drivers/STM32F4xx_HAL_Driver/Src/stm32f4xx_hal.o
 .debug_macro   0x00010680      0xa02 Drivers/STM32F4xx_HAL_Driver/Src/stm32f4xx_hal.o
 .debug_macro   0x00011082      0x11e Drivers/STM32F4xx_HAL_Driver/Src/stm32f4xx_hal.o
 .debug_macro   0x000111a0       0xc0 Drivers/STM32F4xx_HAL_Driver/Src/stm32f4xx_hal.o
 .debug_macro   0x00011260       0x27 Drivers/STM32F4xx_HAL_Driver/Src/stm32f4xx_hal.o
 .debug_macro   0x00011287      0x287 Drivers/STM32F4xx_HAL_Driver/Src/stm32f4xx_hal.o
 .debug_macro   0x0001150e       0x5f Drivers/STM32F4xx_HAL_Driver/Src/stm32f4xx_hal.o
 .debug_macro   0x0001156d      0x23a Drivers/STM32F4xx_HAL_Driver/Src/stm32f4xx_hal.o
 .debug_macro   0x000117a7       0xe6 Drivers/STM32F4xx_HAL_Driver/Src/stm32f4xx_hal.o
 .debug_macro   0x0001188d       0xa1 Drivers/STM32F4xx_HAL_Driver/Src/stm32f4xx_hal.o
 .debug_macro   0x0001192e       0x3c Drivers/STM32F4xx_HAL_Driver/Src/stm32f4xx_hal.o
 .debug_macro   0x0001196a      0x13a Drivers/STM32F4xx_HAL_Driver/Src/stm32f4xx_hal.o
 .debug_macro   0x00011aa4      0x225 Drivers/STM32F4xx_HAL_Driver/Src/stm32f4xx_hal.o
 .debug_macro   0x00011cc9       0x2e Drivers/STM32F4xx_HAL_Driver/Src/stm32f4xx_hal.o
 .debug_macro   0x00011cf7      0x11e Drivers/STM32F4xx_HAL_Driver/Src/stm32f4xx_hal.o
 .debug_macro   0x00011e15       0x91 Drivers/STM32F4xx_HAL_Driver/Src/stm32f4xx_hal.o
 .debug_macro   0x00011ea6       0x89 Drivers/STM32F4xx_HAL_Driver/Src/stm32f4xx_hal.o
 .debug_macro   0x00011f2f      0x202 Drivers/STM32F4xx_HAL_Driver/Src/stm32f4xx_hal.o
 .debug_macro   0x00012131      0x287 Drivers/STM32F4xx_HAL_Driver/Src/stm32f4xx_hal.o
 .debug_macro   0x000123b8      0x13b Drivers/STM32F4xx_HAL_Driver/Src/stm32f4xx_hal.o
 .debug_macro   0x000124f3      0x330 Drivers/STM32F4xx_HAL_Driver/Src/stm32f4xx_hal_cortex.o
 .debug_macro   0x00012823      0x337 Drivers/STM32F4xx_HAL_Driver/Src/stm32f4xx_hal_dma.o
 .debug_macro   0x00012b5a      0x368 Drivers/STM32F4xx_HAL_Driver/Src/stm32f4xx_hal_gpio.o
 .debug_macro   0x00012ec2      0x354 Drivers/STM32F4xx_HAL_Driver/Src/stm32f4xx_hal_rcc.o
 .debug_macro   0x00013216      0x330 Drivers/STM32F4xx_HAL_Driver/Src/stm32f4xx_hal_rcc_ex.o
 .debug_macro   0x00013546      0x338 Drivers/STM32F4xx_HAL_Driver/Src/stm32f4xx_hal_spi.o
 .debug_macro   0x0001387e      0x331 Drivers/STM32F4xx_HAL_Driver/Src/stm32f4xx_hal_uart.o
 .debug_macro   0x00013baf      0x345 Src/G5Datagrams.o
 .debug_macro   0x00013ef4       0x1c Src/G5Datagrams.o
 .debug_macro   0x00013f10       0x3b Src/G5Datagrams.o
 .debug_macro   0x00013f4b       0xa0 Src/G5Datagrams.o
 .debug_macro   0x00013feb       0x16 Src/G5Datagrams.o
 .debug_macro   0x00014001      0x348 Src/Gen2_init.o
 .debug_macro   0x00014349       0xb8 Src/Gen2_init.o
 .debug_macro   0x00014401      0x35b Src/Gen5_init.o
 .debug_macro   0x0001475c       0x10 Src/Gen5_init.o
 .debug_macro   0x0001476c      0x339 Src/init.o
 .debug_macro   0x00014aa5      0x3b2 Src/main2.o
 .debug_macro   0x00014e57       0x10 Src/main2.o
 .debug_macro   0x00014e67       0x34 Src/main2.o
 .debug_macro   0x00014e9b       0x2e Src/main2.o
 .debug_macro   0x00014ec9       0x10 Src/main2.o
 .debug_macro   0x00014ed9       0x16 Src/main2.o
 .debug_macro   0x00014eef       0xbe Src/main2.o
 .debug_macro   0x00014fad       0x10 Src/main2.o
 .debug_macro   0x00014fbd      0x3a4 Src/path.o
 .debug_macro   0x00015361      0x174 Src/path.o
 .debug_macro   0x000154d5       0x10 Src/path.o
 .debug_macro   0x000154e5       0x35 Src/path.o
 .debug_macro   0x0001551a       0x1c Src/path.o
 .debug_macro   0x00015536       0x92 Src/ring_buffer.o
 .debug_macro   0x000155c8      0x330 Src/stm32f4xx_hal_msp.o
 .debug_macro   0x000158f8      0x343 Src/stm32f4xx_it.o
 .debug_macro   0x00015c3b      0x336 Src/system_stm32f4xx.o
 .debug_macro   0x00015f71       0x81 Src/uart_buffer.o
 .debug_macro   0x00015ff2      0x36a Src/uart_isr.o

.debug_line     0x00000000     0xb2f1
 .debug_line    0x00000000      0x945 Drivers/STM32F4xx_HAL_Driver/Src/stm32f4xx_hal.o
 .debug_line    0x00000945      0x9a2 Drivers/STM32F4xx_HAL_Driver/Src/stm32f4xx_hal_cortex.o
 .debug_line    0x000012e7      0xa8d Drivers/STM32F4xx_HAL_Driver/Src/stm32f4xx_hal_dma.o
 .debug_line    0x00001d74      0x8b7 Drivers/STM32F4xx_HAL_Driver/Src/stm32f4xx_hal_gpio.o
 .debug_line    0x0000262b      0x9e0 Drivers/STM32F4xx_HAL_Driver/Src/stm32f4xx_hal_rcc.o
 .debug_line    0x0000300b      0x980 Drivers/STM32F4xx_HAL_Driver/Src/stm32f4xx_hal_rcc_ex.o
 .debug_line    0x0000398b     0x115a Drivers/STM32F4xx_HAL_Driver/Src/stm32f4xx_hal_spi.o
 .debug_line    0x00004ae5     0x1072 Drivers/STM32F4xx_HAL_Driver/Src/stm32f4xx_hal_uart.o
 .debug_line    0x00005b57      0x7af Src/G5Datagrams.o
 .debug_line    0x00006306      0x7f2 Src/Gen2_init.o
 .debug_line    0x00006af8      0x7d1 Src/Gen5_init.o
 .debug_line    0x000072c9      0x7d3 Src/init.o
 .debug_line    0x00007a9c      0x808 Src/main2.o
 .debug_line    0x000082a4      0x86a Src/path.o
 .debug_line    0x00008b0e      0x36c Src/ring_buffer.o
 .debug_line    0x00008e7a      0x826 Src/stm32f4xx_hal_msp.o
 .debug_line    0x000096a0      0x875 Src/stm32f4xx_it.o
 .debug_line    0x00009f15      0x78e Src/system_stm32f4xx.o
 .debug_line    0x0000a6a3      0x423 Src/uart_buffer.o
 .debug_line    0x0000aac6      0x7ac Src/uart_isr.o
 .debug_line    0x0000b272       0x7f startup/startup_stm32f410rx.o

.debug_str      0x00000000    0x76308
 .debug_str     0x00000000    0x738a1 Drivers/STM32F4xx_HAL_Driver/Src/stm32f4xx_hal.o
                              0x73ce4 (size before relaxing)
 .debug_str     0x000738a1      0x3ae Drivers/STM32F4xx_HAL_Driver/Src/stm32f4xx_hal_cortex.o
                              0x73a43 (size before relaxing)
 .debug_str     0x00073c4f      0x53e Drivers/STM32F4xx_HAL_Driver/Src/stm32f4xx_hal_dma.o
                              0x73746 (size before relaxing)
 .debug_str     0x0007418d      0x292 Drivers/STM32F4xx_HAL_Driver/Src/stm32f4xx_hal_gpio.o
                              0x7354d (size before relaxing)
 .debug_str     0x0007441f      0x389 Drivers/STM32F4xx_HAL_Driver/Src/stm32f4xx_hal_rcc.o
                              0x73716 (size before relaxing)
 .debug_str     0x000747a8      0x17f Drivers/STM32F4xx_HAL_Driver/Src/stm32f4xx_hal_rcc_ex.o
                              0x73545 (size before relaxing)
 .debug_str     0x00074927      0x6d0 Drivers/STM32F4xx_HAL_Driver/Src/stm32f4xx_hal_spi.o
                              0x73b4a (size before relaxing)
 .debug_str     0x00074ff7      0x67b Drivers/STM32F4xx_HAL_Driver/Src/stm32f4xx_hal_uart.o
                              0x73ba9 (size before relaxing)
 .debug_str     0x00075672      0x1c0 Src/G5Datagrams.o
                              0x73751 (size before relaxing)
 .debug_str     0x00075832       0xa2 Src/Gen2_init.o
                              0x73c00 (size before relaxing)
 .debug_str     0x000758d4       0x7f Src/Gen5_init.o
                              0x73850 (size before relaxing)
 .debug_str     0x00075953       0x42 Src/init.o
                              0x73c7c (size before relaxing)
 .debug_str     0x00075995      0x358 Src/main2.o
                              0x73c60 (size before relaxing)
 .debug_str     0x00075ced       0xae Src/path.o
                              0x73b84 (size before relaxing)
 .debug_str     0x00075d9b       0xa5 Src/ring_buffer.o
                               0x3dbb (size before relaxing)
 .debug_str     0x00075e40      0x149 Src/stm32f4xx_hal_msp.o
                              0x73da1 (size before relaxing)
 .debug_str     0x00075f89      0x130 Src/stm32f4xx_it.o
                              0x73879 (size before relaxing)
 .debug_str     0x000760b9       0x5a Src/system_stm32f4xx.o
                              0x73303 (size before relaxing)
 .debug_str     0x00076113      0x1a2 Src/uart_buffer.o
                               0x3ea8 (size before relaxing)
 .debug_str     0x000762b5       0x23 Src/uart_isr.o
                              0x73779 (size before relaxing)
 .debug_str     0x000762d8       0x30 startup/startup_stm32f410rx.o
                                 0x48 (size before relaxing)

.comment        0x00000000       0x7e
 .comment       0x00000000       0x7e Drivers/STM32F4xx_HAL_Driver/Src/stm32f4xx_hal.o
                                 0x7f (size before relaxing)
 .comment       0x0000007e       0x7f Drivers/STM32F4xx_HAL_Driver/Src/stm32f4xx_hal_cortex.o
 .comment       0x0000007e       0x7f Drivers/STM32F4xx_HAL_Driver/Src/stm32f4xx_hal_dma.o
 .comment       0x0000007e       0x7f Drivers/STM32F4xx_HAL_Driver/Src/stm32f4xx_hal_gpio.o
 .comment       0x0000007e       0x7f Drivers/STM32F4xx_HAL_Driver/Src/stm32f4xx_hal_rcc.o
 .comment       0x0000007e       0x7f Drivers/STM32F4xx_HAL_Driver/Src/stm32f4xx_hal_rcc_ex.o
 .comment       0x0000007e       0x7f Drivers/STM32F4xx_HAL_Driver/Src/stm32f4xx_hal_spi.o
 .comment       0x0000007e       0x7f Drivers/STM32F4xx_HAL_Driver/Src/stm32f4xx_hal_uart.o
 .comment       0x0000007e       0x7f Src/G5Datagrams.o
 .comment       0x0000007e       0x7f Src/Gen2_init.o
 .comment       0x0000007e       0x7f Src/Gen5_init.o
 .comment       0x0000007e       0x7f Src/init.o
 .comment       0x0000007e       0x7f Src/main2.o
 .comment       0x0000007e       0x7f Src/path.o
 .comment       0x0000007e       0x7f Src/ring_buffer.o
 .comment       0x0000007e       0x7f Src/stm32f4xx_hal_msp.o
 .comment       0x0000007e       0x7f Src/stm32f4xx_it.o
 .comment       0x0000007e       0x7f Src/system_stm32f4xx.o
 .comment       0x0000007e       0x7f Src/uart_buffer.o
 .comment       0x0000007e       0x7f Src/uart_isr.o

.debug_frame    0x00000000     0x195c
 .debug_frame   0x00000000      0x1cc Drivers/STM32F4xx_HAL_Driver/Src/stm32f4xx_hal.o
 .debug_frame   0x000001cc      0x15c Drivers/STM32F4xx_HAL_Driver/Src/stm32f4xx_hal_cortex.o
 .debug_frame   0x00000328      0x188 Drivers/STM32F4xx_HAL_Driver/Src/stm32f4xx_hal_dma.o
 .debug_frame   0x000004b0       0xd8 Drivers/STM32F4xx_HAL_Driver/Src/stm32f4xx_hal_gpio.o
 .debug_frame   0x00000588      0x184 Drivers/STM32F4xx_HAL_Driver/Src/stm32f4xx_hal_rcc.o
 .debug_frame   0x0000070c       0xb8 Drivers/STM32F4xx_HAL_Driver/Src/stm32f4xx_hal_rcc_ex.o
 .debug_frame   0x000007c4      0x55c Drivers/STM32F4xx_HAL_Driver/Src/stm32f4xx_hal_spi.o
 .debug_frame   0x00000d20      0x4f0 Drivers/STM32F4xx_HAL_Driver/Src/stm32f4xx_hal_uart.o
 .debug_frame   0x00001210       0x20 Src/G5Datagrams.o
 .debug_frame   0x00001230       0xb0 Src/Gen2_init.o
 .debug_frame   0x000012e0       0x74 Src/Gen5_init.o
 .debug_frame   0x00001354       0x80 Src/init.o
 .debug_frame   0x000013d4       0x28 Src/main2.o
 .debug_frame   0x000013fc       0xa4 Src/path.o
 .debug_frame   0x000014a0       0x78 Src/ring_buffer.o
 .debug_frame   0x00001518       0xdc Src/stm32f4xx_hal_msp.o
 .debug_frame   0x000015f4      0x150 Src/stm32f4xx_it.o
 .debug_frame   0x00001744       0x30 Src/system_stm32f4xx.o
 .debug_frame   0x00001774       0xf4 Src/uart_buffer.o
 .debug_frame   0x00001868       0x40 Src/uart_isr.o
 .debug_frame   0x000018a8       0x2c c:/ac6/systemworkbench/plugins/fr.ac6.mcu.externaltools.arm-none.win32_1.16.0.201807130628/tools/compiler/bin/../lib/gcc/arm-none-eabi/7.2.1/thumb/v7e-m/fpv4-sp/hard\libgcc.a(_aeabi_uldivmod.o)
 .debug_frame   0x000018d4       0x34 c:/ac6/systemworkbench/plugins/fr.ac6.mcu.externaltools.arm-none.win32_1.16.0.201807130628/tools/compiler/bin/../lib/gcc/arm-none-eabi/7.2.1/thumb/v7e-m/fpv4-sp/hard\libgcc.a(_udivmoddi4.o)
 .debug_frame   0x00001908       0x2c c:/ac6/systemworkbench/plugins/fr.ac6.mcu.externaltools.arm-none.win32_1.16.0.201807130628/tools/compiler/bin/../lib/gcc/arm-none-eabi/7.2.1/../../../../arm-none-eabi/lib/thumb/v7e-m/fpv4-sp/hard\libc_nano.a(lib_a-init.o)
 .debug_frame   0x00001934       0x28 c:/ac6/systemworkbench/plugins/fr.ac6.mcu.externaltools.arm-none.win32_1.16.0.201807130628/tools/compiler/bin/../lib/gcc/arm-none-eabi/7.2.1/../../../../arm-none-eabi/lib/thumb/v7e-m/fpv4-sp/hard\libc_nano.a(lib_a-memcpy-stub.o)
